Archive member included to satisfy reference by file (symbol)

C:/ST/STM32CubeIDE_2.0.0/STM32CubeIDE/plugins/com.st.stm32cube.ide.mcu.externaltools.gnu-tools-for-stm32.13.3.rel1.win32_1.0.100.202509120712/tools/bin/../lib/gcc/arm-none-eabi/13.3.1/../../../../arm-none-eabi/lib/thumb/v7e-m+fp/hard\libc_nano.a(libc_a-exit.o)
                              C:/ST/STM32CubeIDE_2.0.0/STM32CubeIDE/plugins/com.st.stm32cube.ide.mcu.externaltools.gnu-tools-for-stm32.13.3.rel1.win32_1.0.100.202509120712/tools/bin/../lib/gcc/arm-none-eabi/13.3.1/../../../../arm-none-eabi/lib/thumb/v7e-m+fp/hard/crt0.o (exit)
C:/ST/STM32CubeIDE_2.0.0/STM32CubeIDE/plugins/com.st.stm32cube.ide.mcu.externaltools.gnu-tools-for-stm32.13.3.rel1.win32_1.0.100.202509120712/tools/bin/../lib/gcc/arm-none-eabi/13.3.1/../../../../arm-none-eabi/lib/thumb/v7e-m+fp/hard\libc_nano.a(libc_a-findfp.o)
                              C:/ST/STM32CubeIDE_2.0.0/STM32CubeIDE/plugins/com.st.stm32cube.ide.mcu.externaltools.gnu-tools-for-stm32.13.3.rel1.win32_1.0.100.202509120712/tools/bin/../lib/gcc/arm-none-eabi/13.3.1/../../../../arm-none-eabi/lib/thumb/v7e-m+fp/hard\libc_nano.a(libc_a-exit.o) (__stdio_exit_handler)
C:/ST/STM32CubeIDE_2.0.0/STM32CubeIDE/plugins/com.st.stm32cube.ide.mcu.externaltools.gnu-tools-for-stm32.13.3.rel1.win32_1.0.100.202509120712/tools/bin/../lib/gcc/arm-none-eabi/13.3.1/../../../../arm-none-eabi/lib/thumb/v7e-m+fp/hard\libc_nano.a(libc_a-fwalk.o)
                              C:/ST/STM32CubeIDE_2.0.0/STM32CubeIDE/plugins/com.st.stm32cube.ide.mcu.externaltools.gnu-tools-for-stm32.13.3.rel1.win32_1.0.100.202509120712/tools/bin/../lib/gcc/arm-none-eabi/13.3.1/../../../../arm-none-eabi/lib/thumb/v7e-m+fp/hard\libc_nano.a(libc_a-findfp.o) (_fwalk_sglue)
C:/ST/STM32CubeIDE_2.0.0/STM32CubeIDE/plugins/com.st.stm32cube.ide.mcu.externaltools.gnu-tools-for-stm32.13.3.rel1.win32_1.0.100.202509120712/tools/bin/../lib/gcc/arm-none-eabi/13.3.1/../../../../arm-none-eabi/lib/thumb/v7e-m+fp/hard\libc_nano.a(libc_a-stdio.o)
                              C:/ST/STM32CubeIDE_2.0.0/STM32CubeIDE/plugins/com.st.stm32cube.ide.mcu.externaltools.gnu-tools-for-stm32.13.3.rel1.win32_1.0.100.202509120712/tools/bin/../lib/gcc/arm-none-eabi/13.3.1/../../../../arm-none-eabi/lib/thumb/v7e-m+fp/hard\libc_nano.a(libc_a-findfp.o) (__sread)
C:/ST/STM32CubeIDE_2.0.0/STM32CubeIDE/plugins/com.st.stm32cube.ide.mcu.externaltools.gnu-tools-for-stm32.13.3.rel1.win32_1.0.100.202509120712/tools/bin/../lib/gcc/arm-none-eabi/13.3.1/../../../../arm-none-eabi/lib/thumb/v7e-m+fp/hard\libc_nano.a(libc_a-memset.o)
                              C:/ST/STM32CubeIDE_2.0.0/STM32CubeIDE/plugins/com.st.stm32cube.ide.mcu.externaltools.gnu-tools-for-stm32.13.3.rel1.win32_1.0.100.202509120712/tools/bin/../lib/gcc/arm-none-eabi/13.3.1/../../../../arm-none-eabi/lib/thumb/v7e-m+fp/hard/crt0.o (memset)
C:/ST/STM32CubeIDE_2.0.0/STM32CubeIDE/plugins/com.st.stm32cube.ide.mcu.externaltools.gnu-tools-for-stm32.13.3.rel1.win32_1.0.100.202509120712/tools/bin/../lib/gcc/arm-none-eabi/13.3.1/../../../../arm-none-eabi/lib/thumb/v7e-m+fp/hard\libc_nano.a(libc_a-closer.o)
                              C:/ST/STM32CubeIDE_2.0.0/STM32CubeIDE/plugins/com.st.stm32cube.ide.mcu.externaltools.gnu-tools-for-stm32.13.3.rel1.win32_1.0.100.202509120712/tools/bin/../lib/gcc/arm-none-eabi/13.3.1/../../../../arm-none-eabi/lib/thumb/v7e-m+fp/hard\libc_nano.a(libc_a-stdio.o) (_close_r)
C:/ST/STM32CubeIDE_2.0.0/STM32CubeIDE/plugins/com.st.stm32cube.ide.mcu.externaltools.gnu-tools-for-stm32.13.3.rel1.win32_1.0.100.202509120712/tools/bin/../lib/gcc/arm-none-eabi/13.3.1/../../../../arm-none-eabi/lib/thumb/v7e-m+fp/hard\libc_nano.a(libc_a-reent.o)
                              C:/ST/STM32CubeIDE_2.0.0/STM32CubeIDE/plugins/com.st.stm32cube.ide.mcu.externaltools.gnu-tools-for-stm32.13.3.rel1.win32_1.0.100.202509120712/tools/bin/../lib/gcc/arm-none-eabi/13.3.1/../../../../arm-none-eabi/lib/thumb/v7e-m+fp/hard\libc_nano.a(libc_a-closer.o) (errno)
C:/ST/STM32CubeIDE_2.0.0/STM32CubeIDE/plugins/com.st.stm32cube.ide.mcu.externaltools.gnu-tools-for-stm32.13.3.rel1.win32_1.0.100.202509120712/tools/bin/../lib/gcc/arm-none-eabi/13.3.1/../../../../arm-none-eabi/lib/thumb/v7e-m+fp/hard\libc_nano.a(libc_a-impure.o)
                              C:/ST/STM32CubeIDE_2.0.0/STM32CubeIDE/plugins/com.st.stm32cube.ide.mcu.externaltools.gnu-tools-for-stm32.13.3.rel1.win32_1.0.100.202509120712/tools/bin/../lib/gcc/arm-none-eabi/13.3.1/../../../../arm-none-eabi/lib/thumb/v7e-m+fp/hard\libc_nano.a(libc_a-reent.o) (_impure_ptr)
C:/ST/STM32CubeIDE_2.0.0/STM32CubeIDE/plugins/com.st.stm32cube.ide.mcu.externaltools.gnu-tools-for-stm32.13.3.rel1.win32_1.0.100.202509120712/tools/bin/../lib/gcc/arm-none-eabi/13.3.1/../../../../arm-none-eabi/lib/thumb/v7e-m+fp/hard\libc_nano.a(libc_a-lseekr.o)
[...]
Memory Configuration

Name             Origin             Length             Attributes
RAM              0x20000000         0x00008000         xrw
FLASH            0x08000000         0x00020000         xr
*default*        0x00000000         0xffffffff

Linker script and memory map

LOAD C:/ST/STM32CubeIDE_2.0.0/STM32CubeIDE/plugins/com.st.stm32cube.ide.mcu.externaltools.gnu-tools-for-stm32.13.3.rel1.win32_1.0.100.202509120712/tools/bin/../lib/gcc/arm-none-eabi/13.3.1/thumb/v7e-m+fp/hard/crti.o
LOAD C:/ST/STM32CubeIDE_2.0.0/STM32CubeIDE/plugins/com.st.stm32cube.ide.mcu.externaltools.gnu-tools-for-stm32.13.3.rel1.win32_1.0.100.202509120712/tools/bin/../lib/gcc/arm-none-eabi/13.3.1/thumb/v7e-m+fp/hard/crtbegin.o
LOAD C:/ST/STM32CubeIDE_2.0.0/STM32CubeIDE/plugins/com.st.stm32cube.ide.mcu.externaltools.gnu-tools-for-stm32.13.3.rel1.win32_1.0.100.202509120712/tools/bin/../lib/gcc/arm-none-eabi/13.3.1/../../../../arm-none-eabi/lib/thumb/v7e-m+fp/hard/crt0.o
LOAD ./Application/Startup/startup_stm32g431rbtx.o
LOAD ./Application/User/aspep.o
LOAD ./Application/User/main.o
LOAD ./Application/User/mc_api.o
LOAD ./Application/User/mc_app_hooks.o
LOAD ./Application/User/mc_config.o
LOAD ./Application/User/mc_config_common.o
LOAD ./Application/User/mc_configuration_registers.o
LOAD ./Application/User/mc_interface.o
LOAD ./Application/User/mc_math.o
LOAD ./Application/User/mc_parameters.o
LOAD ./Application/User/mc_tasks.o
LOAD ./Application/User/mc_tasks_foc.o
LOAD ./Application/User/mcp.o
LOAD ./Application/User/mcp_config.o
LOAD ./Application/User/motorcontrol.o
LOAD ./Application/User/pwm_common.o
LOAD ./Application/User/pwm_curr_fdbk.o
LOAD ./Application/User/regular_conversion_manager.o
LOAD ./Application/User/speed_torq_ctrl.o
LOAD ./Application/User/stm32_mc_common_it.o
LOAD ./Application/User/stm32g4xx_hal_msp.o
LOAD ./Application/User/stm32g4xx_it.o
LOAD ./Application/User/stm32g4xx_mc_it.o
LOAD ./Application/User/sync_registers.o
LOAD ./Application/User/syscalls.o
LOAD ./Application/User/sysmem.o
LOAD ./Application/User/usart_aspep_driver.o
LOAD ./Drivers/CMSIS/system_stm32g4xx.o
LOAD ./Drivers/STM32G4xx_HAL_Driver/stm32g4xx_hal.o
LOAD ./Drivers/STM32G4xx_HAL_Driver/stm32g4xx_hal_adc.o
LOAD ./Drivers/STM32G4xx_HAL_Driver/stm32g4xx_hal_adc_ex.o
LOAD ./Drivers/STM32G4xx_HAL_Driver/stm32g4xx_hal_cordic.o
LOAD ./Drivers/STM32G4xx_HAL_Driver/stm32g4xx_hal_cortex.o
LOAD ./Drivers/STM32G4xx_HAL_Driver/stm32g4xx_hal_dma.o
LOAD ./Drivers/STM32G4xx_HAL_Driver/stm32g4xx_hal_dma_ex.o
LOAD ./Drivers/STM32G4xx_HAL_Driver/stm32g4xx_hal_exti.o
LOAD ./Drivers/STM32G4xx_HAL_Driver/stm32g4xx_hal_flash.o
LOAD ./Drivers/STM32G4xx_HAL_Driver/stm32g4xx_hal_flash_ex.o
LOAD ./Drivers/STM32G4xx_HAL_Driver/stm32g4xx_hal_flash_ramfunc.o
LOAD ./Drivers/STM32G4xx_HAL_Driver/stm32g4xx_hal_gpio.o
LOAD ./Drivers/STM32G4xx_HAL_Driver/stm32g4xx_hal_pwr.o
LOAD ./Drivers/STM32G4xx_HAL_Driver/stm32g4xx_hal_pwr_ex.o
LOAD ./Drivers/STM32G4xx_HAL_Driver/stm32g4xx_hal_rcc.o
LOAD ./Drivers/STM32G4xx_HAL_Driver/stm32g4xx_hal_rcc_ex.o
LOAD ./Drivers/STM32G4xx_HAL_Driver/stm32g4xx_hal_tim.o
LOAD ./Drivers/STM32G4xx_HAL_Driver/stm32g4xx_hal_tim_ex.o
LOAD ./Drivers/STM32G4xx_HAL_Driver/stm32g4xx_hal_uart.o
LOAD ./Drivers/STM32G4xx_HAL_Driver/stm32g4xx_hal_uart_ex.o
LOAD ./Drivers/STM32G4xx_HAL_Driver/stm32g4xx_ll_adc.o
LOAD ./Middlewares/MotorControl/bus_voltage_sensor.o
LOAD ./Middlewares/MotorControl/circle_limitation.o
LOAD ./Middlewares/MotorControl/digital_output.o
LOAD ./Middlewares/MotorControl/ntc_temperature_sensor.o
LOAD ./Middlewares/MotorControl/open_loop.o
LOAD ./Middlewares/MotorControl/pid_regulator.o
LOAD ./Middlewares/MotorControl/pqd_motor_power_measurement.o
LOAD ./Middlewares/MotorControl/pwm_curr_fdbk_ovm.o
LOAD ./Middlewares/MotorControl/r3_2_g4xx_pwm_curr_fdbk.o
LOAD ./Middlewares/MotorControl/r_divider_bus_voltage_sensor.o
LOAD ./Middlewares/MotorControl/ramp_ext_mngr.o
LOAD ./Middlewares/MotorControl/revup_ctrl.o
LOAD ./Middlewares/MotorControl/speed_pos_fdbk.o
LOAD ./Middlewares/MotorControl/sto_pll_speed_pos_fdbk.o
LOAD ./Middlewares/MotorControl/virtual_speed_sensor.o
START GROUP
LOAD C:/ST/STM32CubeIDE_2.0.0/STM32CubeIDE/plugins/com.st.stm32cube.ide.mcu.externaltools.gnu-tools-for-stm32.13.3.rel1.win32_1.0.100.202509120712/tools/bin/../lib/gcc/arm-none-eabi/13.3.1/../../../../arm-none-eabi/lib/thumb/v7e-m+fp/hard\libc_nano.a
LOAD C:/ST/STM32CubeIDE_2.0.0/STM32CubeIDE/plugins/com.st.stm32cube.ide.mcu.externaltools.gnu-tools-for-stm32.13.3.rel1.win32_1.0.100.202509120712/tools/bin/../lib/gcc/arm-none-eabi/13.3.1/../../../../arm-none-eabi/lib/thumb/v7e-m+fp/hard\libm.a
END GROUP
START GROUP
LOAD C:/ST/STM32CubeIDE_2.0.0/STM32CubeIDE/plugins/com.st.stm32cube.ide.mcu.externaltools.gnu-tools-for-stm32.13.3.rel1.win32_1.0.100.202509120712/tools/bin/../lib/gcc/arm-none-eabi/13.3.1/thumb/v7e-m+fp/hard\libgcc.a
LOAD C:/ST/STM32CubeIDE_2.0.0/STM32CubeIDE/plugins/com.st.stm32cube.ide.mcu.externaltools.gnu-tools-for-stm32.13.3.rel1.win32_1.0.100.202509120712/tools/bin/../lib/gcc/arm-none-eabi/13.3.1/../../../../arm-none-eabi/lib/thumb/v7e-m+fp/hard\libc_nano.a
END GROUP
START GROUP
LOAD C:/ST/STM32CubeIDE_2.0.0/STM32CubeIDE/plugins/com.st.stm32cube.ide.mcu.externaltools.gnu-tools-for-stm32.13.3.rel1.win32_1.0.100.202509120712/tools/bin/../lib/gcc/arm-none-eabi/13.3.1/thumb/v7e-m+fp/hard\libgcc.a
LOAD C:/ST/STM32CubeIDE_2.0.0/STM32CubeIDE/plugins/com.st.stm32cube.ide.mcu.externaltools.gnu-tools-for-stm32.13.3.rel1.win32_1.0.100.202509120712/tools/bin/../lib/gcc/arm-none-eabi/13.3.1/../../../../arm-none-eabi/lib/thumb/v7e-m+fp/hard\libc_nano.a
LOAD C:/ST/STM32CubeIDE_2.0.0/STM32CubeIDE/plugins/com.st.stm32cube.ide.mcu.externaltools.gnu-tools-for-stm32.13.3.rel1.win32_1.0.100.202509120712/tools/bin/../lib/gcc/arm-none-eabi/13.3.1/../../../../arm-none-eabi/lib/thumb/v7e-m+fp/hard\libnosys.a
END GROUP
START GROUP
LOAD C:/ST/STM32CubeIDE_2.0.0/STM32CubeIDE/plugins/com.st.stm32cube.ide.mcu.externaltools.gnu-tools-for-stm32.13.3.rel1.win32_1.0.100.202509120712/tools/bin/../lib/gcc/arm-none-eabi/13.3.1/thumb/v7e-m+fp/hard\libgcc.a
LOAD C:/ST/STM32CubeIDE_2.0.0/STM32CubeIDE/plugins/com.st.stm32cube.ide.mcu.externaltools.gnu-tools-for-stm32.13.3.rel1.win32_1.0.100.202509120712/tools/bin/../lib/gcc/arm-none-eabi/13.3.1/../../../../arm-none-eabi/lib/thumb/v7e-m+fp/hard\libc_nano.a
LOAD C:/ST/STM32CubeIDE_2.0.0/STM32CubeIDE/plugins/com.st.stm32cube.ide.mcu.externaltools.gnu-tools-for-stm32.13.3.rel1.win32_1.0.100.202509120712/tools/bin/../lib/gcc/arm-none-eabi/13.3.1/../../../../arm-none-eabi/lib/thumb/v7e-m+fp/hard\libnosys.a
END GROUP
LOAD C:/ST/STM32CubeIDE_2.0.0/STM32CubeIDE/plugins/com.st.stm32cube.ide.mcu.externaltools.gnu-tools-for-stm32.13.3.rel1.win32_1.0.100.202509120712/tools/bin/../lib/gcc/arm-none-eabi/13.3.1/thumb/v7e-m+fp/hard/crtend.o
LOAD C:/ST/STM32CubeIDE_2.0.0/STM32CubeIDE/plugins/com.st.stm32cube.ide.mcu.externaltools.gnu-tools-for-stm32.13.3.rel1.win32_1.0.100.202509120712/tools/bin/../lib/gcc/arm-none-eabi/13.3.1/thumb/v7e-m+fp/hard/crtn.o
                0x20008000                        _estack = (ORIGIN (RAM) + LENGTH (RAM))
                0x00000200                        _Min_Heap_Size = 0x200
                0x00000400                        _Min_Stack_Size = 0x400

.isr_vector     0x08000000      0x1d8
                0x08000000                        . = ALIGN (0x4)
 *(.isr_vector)
 .isr_vector    0x08000000      0x1d8 ./Application/Startup/startup_stm32g431rbtx.o
                0x08000000                g_pfnVectors
                0x080001d8                        . = ALIGN (0x4)

.text           0x080001d8     0x8e60
                0x080001d8                        . = ALIGN (0x4)
 *(.text)
 .text          0x080001d8       0x40 C:/ST/STM32CubeIDE_2.0.0/STM32CubeIDE/plugins/com.st.stm32cube.ide.mcu.externaltools.gnu-tools-for-stm32.13.3.rel1.win32_1.0.100.202509120712/tools/bin/../lib/gcc/arm-none-eabi/13.3.1/thumb/v7e-m+fp/hard/crtbegin.o
 .text          0x08000218       0x30 C:/ST/STM32CubeIDE_2.0.0/STM32CubeIDE/plugins/com.st.stm32cube.ide.mcu.externaltools.gnu-tools-for-stm32.13.3.rel1.win32_1.0.100.202509120712/tools/bin/../lib/gcc/arm-none-eabi/13.3.1/thumb/v7e-m+fp/hard\libgcc.a(_aeabi_uldivmod.o)
                0x08000218                __aeabi_uldivmod
 .text          0x08000248      0x2f8 C:/ST/STM32CubeIDE_2.0.0/STM32CubeIDE/plugins/com.st.stm32cube.ide.mcu.externaltools.gnu-tools-for-stm32.13.3.rel1.win32_1.0.100.202509120712/tools/bin/../lib/gcc/arm-none-eabi/13.3.1/thumb/v7e-m+fp/hard\libgcc.a(_udivmoddi4.o)
                0x08000248                __udivmoddi4
 .text          0x08000540        0x4 C:/ST/STM32CubeIDE_2.0.0/STM32CubeIDE/plugins/com.st.stm32cube.ide.mcu.externaltools.gnu-tools-for-stm32.13.3.rel1.win32_1.0.100.202509120712/tools/bin/../lib/gcc/arm-none-eabi/13.3.1/thumb/v7e-m+fp/hard\libgcc.a(_dvmd_tls.o)
                0x08000540                __aeabi_idiv0
                0x08000540                __aeabi_ldiv0
 *(.text*)
 .text.Reset_Handler
                0x08000544       0x50 ./Application/Startup/startup_stm32g431rbtx.o
                0x08000544                Reset_Handler
 .text.Default_Handler
                0x08000594        0x2 ./Application/Startup/startup_stm32g431rbtx.o
                0x08000594                RTC_Alarm_IRQHandler
                0x08000594                EXTI2_IRQHandler
                0x08000594                TIM8_TRG_COM_IRQHandler
                0x08000594                TIM8_CC_IRQHandler
                0x08000594                DebugMon_Handler
                0x08000594                TIM1_CC_IRQHandler
                0x08000594                USB_HP_IRQHandler
                0x08000594                CORDIC_IRQHandler
                0x08000594                PendSV_Handler
                0x08000594                NMI_Handler
                0x08000594                EXTI3_IRQHandler
                0x08000594                I2C3_ER_IRQHandler
                0x08000594                EXTI0_IRQHandler
                0x08000594                I2C2_EV_IRQHandler
                0x08000594                FPU_IRQHandler
                0x08000594                FDCAN1_IT1_IRQHandler
                0x08000594                UsageFault_Handler
                0x08000594                SPI1_IRQHandler
                0x08000594                TIM6_DAC_IRQHandler
                0x08000594                TIM8_UP_IRQHandler
                0x08000594                DMA2_Channel2_IRQHandler
                0x08000594                DMA1_Channel4_IRQHandler
                0x08000594                USART3_IRQHandler
                0x08000594                TIM4_IRQHandler
                0x08000594                DMA2_Channel1_IRQHandler
                0x08000594                I2C1_EV_IRQHandler
                0x08000594                DMA1_Channel6_IRQHandler
                0x08000594                UART4_IRQHandler
                0x08000594                DMA2_Channel4_IRQHandler
                0x08000594                TIM3_IRQHandler
                0x08000594                RCC_IRQHandler
                0x08000594                DMA1_Channel1_IRQHandler
                0x08000594                Default_Handler
                0x08000594                RTC_TAMP_LSECSS_IRQHandler
                0x08000594                FMAC_IRQHandler
                0x08000594                EXTI15_10_IRQHandler
                0x08000594                TIM7_IRQHandler
                0x08000594                UCPD1_IRQHandler
                0x08000594                I2C3_EV_IRQHandler
                0x08000594                EXTI9_5_IRQHandler
                0x08000594                RTC_WKUP_IRQHandler
                0x08000594                PVD_PVM_IRQHandler
                0x08000594                SPI2_IRQHandler
                0x08000594                MemManage_Handler
                0x08000594                SVC_Handler
                0x08000594                DMA2_Channel5_IRQHandler
                0x08000594                CRS_IRQHandler
                0x08000594                DMA1_Channel5_IRQHandler
                0x08000594                USB_LP_IRQHandler
                0x08000594                EXTI4_IRQHandler
                0x08000594                RNG_IRQHandler
                0x08000594                TIM1_TRG_COM_TIM17_IRQHandler
                0x08000594                DMA1_Channel3_IRQHandler
                0x08000594                WWDG_IRQHandler
                0x08000594                LPUART1_IRQHandler
                0x08000594                DMA2_Channel6_IRQHandler
                0x08000594                FDCAN1_IT0_IRQHandler
                0x08000594                TIM2_IRQHandler
                0x08000594                COMP1_2_3_IRQHandler
                0x08000594                EXTI1_IRQHandler
                0x08000594                I2C2_ER_IRQHandler
                0x08000594                DMA1_Channel2_IRQHandler
                0x08000594                TIM8_BRK_IRQHandler
                0x08000594                FLASH_IRQHandler
                0x08000594                BusFault_Handler
                0x08000594                USART1_IRQHandler
                0x08000594                SPI3_IRQHandler
                0x08000594                I2C1_ER_IRQHandler
                0x08000594                LPTIM1_IRQHandler
                0x08000594                DMAMUX_OVR_IRQHandler
                0x08000594                USBWakeUp_IRQHandler
                0x08000594                SAI1_IRQHandler
                0x08000594                DMA2_Channel3_IRQHandler
                0x08000594                COMP4_IRQHandler
 *fill*         0x08000596        0x2 
 .text.ASPEP_start
                0x08000598       0x28 ./Application/User/aspep.o
                0x08000598                ASPEP_start
 .text.ASPEP_sendBeacon
                0x080005c0       0x8c ./Application/User/aspep.o
                0x080005c0                ASPEP_sendBeacon
 .text.ASPEP_sendPing
                0x0800064c       0x8c ./Application/User/aspep.o
                0x0800064c                ASPEP_sendPing
 .text.ASPEP_getBuffer
                0x080006d8       0x24 ./Application/User/aspep.o
                0x080006d8                ASPEP_getBuffer
 .text.ASPEP_sendPacket
                0x080006fc       0xe0 ./Application/User/aspep.o
                0x080006fc                ASPEP_sendPacket
 .text.ASPEP_HWDataTransmittedIT
                0x080007dc       0x60 ./Application/User/aspep.o
                0x080007dc                ASPEP_HWDataTransmittedIT
 .text.ASPEP_RXframeProcess
                0x0800083c      0x2b4 ./Application/User/aspep.o
                0x0800083c                ASPEP_RXframeProcess
 .text.ASPEP_HWDataReceivedIT
                0x08000af0       0xa0 ./Application/User/aspep.o
                0x08000af0                ASPEP_HWDataReceivedIT
 .text.ASPEP_HWReset
                0x08000b90       0x14 ./Application/User/aspep.o
                0x08000b90                ASPEP_HWReset
 *fill*         0x08000ba4        0x4 
 .text.SystemClock_Config
                0x08000ba8       0x78 ./Application/User/main.o
                0x08000ba8                SystemClock_Config
 .text.startup.main
                0x08000c20      0x480 ./Application/User/main.o
                0x08000c20                main
 .text.Error_Handler
                0x080010a0        0x4 ./Application/User/main.o
                0x080010a0                Error_Handler
 .text.MC_StartMotor1
                0x080010a4        0xc ./Application/User/mc_api.o
                0x080010a4                MC_StartMotor1
 .text.MC_ProgramSpeedRampMotor1
                0x080010b0       0x18 ./Application/User/mc_api.o
                0x080010b0                MC_ProgramSpeedRampMotor1
 .text.MC_ProfilerCommand
                0x080010c8        0x4 ./Application/User/mc_api.o
                0x080010c8                MC_ProfilerCommand
 .text.MC_APP_BootHook
                0x080010cc        0x4 ./Application/User/mc_app_hooks.o
                0x080010cc                MC_APP_BootHook
 .text.MC_APP_PostMediumFrequencyHook_M1
                0x080010d0        0x4 ./Application/User/mc_app_hooks.o
                0x080010d0                MC_APP_PostMediumFrequencyHook_M1
 .text.MCI_ExecSpeedRamp
                0x080010d4       0x14 ./Application/User/mc_interface.o
                0x080010d4                MCI_ExecSpeedRamp
 .text.MCI_ExecTorqueRamp
                0x080010e8       0x14 ./Application/User/mc_interface.o
                0x080010e8                MCI_ExecTorqueRamp
 .text.MCI_SetCurrentReferences
                0x080010fc       0x14 ./Application/User/mc_interface.o
                0x080010fc                MCI_SetCurrentReferences
 .text.MCI_FaultProcessing
                0x08001110       0x18 ./Application/User/mc_interface.o
                0x08001110                MCI_FaultProcessing
 .text.MCI_ExecBufferedCommands
                0x08001128       0x70 ./Application/User/mc_interface.o
                0x08001128                MCI_ExecBufferedCommands
 .text.MCI_GetSTMState
                0x08001198        0x4 ./Application/User/mc_interface.o
                0x08001198                MCI_GetSTMState
 .text.MCI_GetOccurredFaults
                0x0800119c        0x4 ./Application/User/mc_interface.o
                0x0800119c                MCI_GetOccurredFaults
 .text.MCI_GetCurrentFaults
                0x080011a0        0x4 ./Application/User/mc_interface.o
                0x080011a0                MCI_GetCurrentFaults
 .text.MCI_StartMotor
                0x080011a4       0x2c ./Application/User/mc_interface.o
                0x080011a4                MCI_StartMotor
 .text.MCI_StopMotor
                0x080011d0       0x38 ./Application/User/mc_interface.o
                0x080011d0                MCI_StopMotor
 .text.MCI_FaultAcknowledged
                0x08001208       0x24 ./Application/User/mc_interface.o
                0x08001208                MCI_FaultAcknowledged
 .text.MCI_GetFaultState
                0x0800122c        0xc ./Application/User/mc_interface.o
                0x0800122c                MCI_GetFaultState
 .text.MCI_GetControlMode
                0x08001238        0x4 ./Application/User/mc_interface.o
                0x08001238                MCI_GetControlMode
 .text.MCI_GetImposedMotorDirection
                0x0800123c       0x44 ./Application/User/mc_interface.o
                0x0800123c                MCI_GetImposedMotorDirection
 .text.MCI_GetLastRampFinalSpeed
                0x08001280        0x8 ./Application/User/mc_interface.o
                0x08001280                MCI_GetLastRampFinalSpeed
 .text.MCI_GetLastRampFinalTorque
                0x08001288        0x8 ./Application/User/mc_interface.o
                0x08001288                MCI_GetLastRampFinalTorque
 .text.MCI_GetLastRampFinalDuration
                0x08001290        0x4 ./Application/User/mc_interface.o
                0x08001290                MCI_GetLastRampFinalDuration
 .text.MCI_StopRamp
                0x08001294        0xc ./Application/User/mc_interface.o
                0x08001294                MCI_StopRamp
 .text.MCI_GetAvrgMecSpeedUnit
                0x080012a0        0x8 ./Application/User/mc_interface.o
                0x080012a0                MCI_GetAvrgMecSpeedUnit
 .text.MCI_GetMecSpeedRefUnit
                0x080012a8        0x8 ./Application/User/mc_interface.o
                0x080012a8                MCI_GetMecSpeedRefUnit
 .text.MCI_GetIab
                0x080012b0       0x14 ./Application/User/mc_interface.o
                0x080012b0                MCI_GetIab
 .text.MCI_GetIalphabeta
                0x080012c4       0x14 ./Application/User/mc_interface.o
                0x080012c4                MCI_GetIalphabeta
 .text.MCI_GetIqd
                0x080012d8       0x14 ./Application/User/mc_interface.o
                0x080012d8                MCI_GetIqd
 .text.MCI_GetIqdref
                0x080012ec       0x14 ./Application/User/mc_interface.o
                0x080012ec                MCI_GetIqdref
 .text.MCI_GetVqd
                0x08001300       0x14 ./Application/User/mc_interface.o
                0x08001300                MCI_GetVqd
 .text.MCI_GetValphabeta
                0x08001314       0x14 ./Application/User/mc_interface.o
                0x08001314                MCI_GetValphabeta
 .text.MCI_GetTeref
                0x08001328        0x8 ./Application/User/mc_interface.o
                0x08001328                MCI_GetTeref
 .text.MCI_Clear_Iqdref
                0x08001330       0x14 ./Application/User/mc_interface.o
                0x08001330                MCI_Clear_Iqdref
 .text.MCM_Clarke
                0x08001344       0x54 ./Application/User/mc_math.o
                0x08001344                MCM_Clarke
 .text.MCM_Trig_Functions
                0x08001398       0x20 ./Application/User/mc_math.o
                0x08001398                MCM_Trig_Functions
 .text.MCM_Park
                0x080013b8       0x84 ./Application/User/mc_math.o
                0x080013b8                MCM_Park
 .text.MCM_Rev_Park
                0x0800143c       0x3c ./Application/User/mc_math.o
                0x0800143c                MCM_Rev_Park
 .text.MCM_Sqrt
                0x08001478       0x20 ./Application/User/mc_math.o
                0x08001478                MCM_Sqrt
 .text.MCboot   0x08001498       0x70 ./Application/User/mc_tasks.o
                0x08001498                MCboot
 .text.TSK_SetChargeBootCapDelayM1
                0x08001508        0xc ./Application/User/mc_tasks.o
                0x08001508                TSK_SetChargeBootCapDelayM1
 .text.TSK_ChargeBootCapDelayHasElapsedM1
                0x08001514       0x14 ./Application/User/mc_tasks.o
                0x08001514                TSK_ChargeBootCapDelayHasElapsedM1
 .text.TSK_SetStopPermanencyTimeM1
                0x08001528        0xc ./Application/User/mc_tasks.o
                0x08001528                TSK_SetStopPermanencyTimeM1
 .text.TSK_StopPermanencyTimeHasElapsedM1
                0x08001534       0x14 ./Application/User/mc_tasks.o
                0x08001534                TSK_StopPermanencyTimeHasElapsedM1
 .text.TSK_HighFrequencyTask
                0x08001548        0xc ./Application/User/mc_tasks.o
                0x08001548                TSK_HighFrequencyTask
 .text.TSK_SafetyTask_PWMOFF
                0x08001554       0x88 ./Application/User/mc_tasks.o
                0x08001554                TSK_SafetyTask_PWMOFF
 .text.TSK_SafetyTask
                0x080015dc       0x18 ./Application/User/mc_tasks.o
                0x080015dc                TSK_SafetyTask
 .text.MC_RunMotorControlTasks
                0x080015f4       0x90 ./Application/User/mc_tasks.o
                0x080015f4                MC_RunMotorControlTasks
 .text.TSK_HardwareFaultTask
                0x08001684       0x1c ./Application/User/mc_tasks.o
                0x08001684                TSK_HardwareFaultTask
 .text.mc_lock_pins
                0x080016a0      0x100 ./Application/User/mc_tasks.o
                0x080016a0                mc_lock_pins
 .text.FOC_Clear
                0x080017a0       0x5c ./Application/User/mc_tasks_foc.o
                0x080017a0                FOC_Clear
 .text.FOC_Init
                0x080017fc       0xe0 ./Application/User/mc_tasks_foc.o
                0x080017fc                FOC_Init
 .text.FOC_InitAdditionalMethods
                0x080018dc        0x4 ./Application/User/mc_tasks_foc.o
                0x080018dc                FOC_InitAdditionalMethods
 .text.FOC_CalcCurrRef
                0x080018e0       0x50 ./Application/User/mc_tasks_foc.o
                0x080018e0                FOC_CalcCurrRef
 .text.TSK_MediumFrequencyTaskM1
                0x08001930      0x2fc ./Application/User/mc_tasks_foc.o
                0x08001930                TSK_MediumFrequencyTaskM1
 .text.FOC_HighFrequencyTask
                0x08001c2c      0x1c8 ./Application/User/mc_tasks_foc.o
                0x08001c2c                FOC_HighFrequencyTask
 .text.RI_SetRegCommandParser
                0x08001df4       0xe0 ./Application/User/mcp.o
                0x08001df4                RI_SetRegCommandParser
 .text.RI_GetRegCommandParser
                0x08001ed4       0x8c ./Application/User/mcp.o
                0x08001ed4                RI_GetRegCommandParser
 .text.MCP_ReceivedPacket
                0x08001f60      0x188 ./Application/User/mcp.o
                0x08001f60                MCP_ReceivedPacket
 .text.MX_MotorControl_Init
                0x080020e8       0x3c ./Application/User/motorcontrol.o
                0x080020e8                MX_MotorControl_Init
 .text.startTimers
                0x08002124       0x9c ./Application/User/pwm_common.o
                0x08002124                startTimers
 .text.waitForPolarizationEnd
                0x080021c0       0x3c ./Application/User/pwm_common.o
                0x080021c0                waitForPolarizationEnd
 .text.PWMC_Clear
                0x080021fc       0x10 ./Application/User/pwm_curr_fdbk.o
                0x080021fc                PWMC_Clear
 .text.PWMC_SwitchOffPWM
                0x0800220c        0x4 ./Application/User/pwm_curr_fdbk.o
                0x0800220c                PWMC_SwitchOffPWM
 .text.PWMC_SwitchOnPWM
                0x08002210        0x4 ./Application/User/pwm_curr_fdbk.o
                0x08002210                PWMC_SwitchOnPWM
 .text.PWMC_CurrentReadingCalibr
                0x08002214       0x34 ./Application/User/pwm_curr_fdbk.o
                0x08002214                PWMC_CurrentReadingCalibr
 .text.PWMC_CalcPhaseCurrentsEst
                0x08002248       0x70 ./Application/User/pwm_curr_fdbk.o
                0x08002248                PWMC_CalcPhaseCurrentsEst
 .text.PWMC_DP_Handler
                0x080022b8       0x14 ./Application/User/pwm_curr_fdbk.o
                0x080022b8                PWMC_DP_Handler
 .text.PWMC_OVP_Handler
                0x080022cc       0x1c ./Application/User/pwm_curr_fdbk.o
                0x080022cc                PWMC_OVP_Handler
 .text.PWMC_IsFaultOccurred
                0x080022e8       0x38 ./Application/User/pwm_curr_fdbk.o
                0x080022e8                PWMC_IsFaultOccurred
 .text.RCM_RegisterRegConv
                0x08002320       0xcc ./Application/User/regular_conversion_manager.o
                0x08002320                RCM_RegisterRegConv
 .text.RCM_ExecNextConv
                0x080023ec       0x6c ./Application/User/regular_conversion_manager.o
                0x080023ec                RCM_ExecNextConv
 .text.RCM_ReadOngoingConv
                0x08002458       0x44 ./Application/User/regular_conversion_manager.o
                0x08002458                RCM_ReadOngoingConv
 .text.STC_Init
                0x0800249c       0x2c ./Application/User/speed_torq_ctrl.o
                0x0800249c                STC_Init
 .text.STC_SetSpeedSensor
                0x080024c8        0x4 ./Application/User/speed_torq_ctrl.o
                0x080024c8                STC_SetSpeedSensor
 .text.STC_Clear
                0x080024cc       0x18 ./Application/User/speed_torq_ctrl.o
                0x080024cc                STC_Clear
 .text.STC_GetMecSpeedRefUnit
                0x080024e4        0x8 ./Application/User/speed_torq_ctrl.o
                0x080024e4                STC_GetMecSpeedRefUnit
 .text.STC_SetControlMode
                0x080024ec        0x8 ./Application/User/speed_torq_ctrl.o
                0x080024ec                STC_SetControlMode
 .text.STC_ExecRamp
                0x080024f4       0x90 ./Application/User/speed_torq_ctrl.o
                0x080024f4                STC_ExecRamp
 .text.STC_CalcTorqueReference
                0x08002584       0x6c ./Application/User/speed_torq_ctrl.o
                0x08002584                STC_CalcTorqueReference
 .text.STC_GetMecSpeedRefUnitDefault
                0x080025f0        0x8 ./Application/User/speed_torq_ctrl.o
                0x080025f0                STC_GetMecSpeedRefUnitDefault
 .text.STC_GetDefaultIqdref
                0x080025f8        0xc ./Application/User/speed_torq_ctrl.o
                0x080025f8                STC_GetDefaultIqdref
 .text.STC_ForceSpeedReferenceToCurrentSpeed
                0x08002604       0x10 ./Application/User/speed_torq_ctrl.o
                0x08002604                STC_ForceSpeedReferenceToCurrentSpeed
 .text.USART2_IRQHandler
                0x08002614      0x120 ./Application/User/stm32_mc_common_it.o
                0x08002614                USART2_IRQHandler
 .text.HardFault_Handler
                0x08002734        0x8 ./Application/User/stm32_mc_common_it.o
                0x08002734                HardFault_Handler
 .text.SysTick_Handler
                0x0800273c       0x44 ./Application/User/stm32_mc_common_it.o
                0x0800273c                SysTick_Handler
 .text.HAL_MspInit
                0x08002780       0x40 ./Application/User/stm32g4xx_hal_msp.o
                0x08002780                HAL_MspInit
 .text.HAL_ADC_MspInit
                0x080027c0      0x16c ./Application/User/stm32g4xx_hal_msp.o
                0x080027c0                HAL_ADC_MspInit
 .text.HAL_CORDIC_MspInit
                0x0800292c       0x2c ./Application/User/stm32g4xx_hal_msp.o
                0x0800292c                HAL_CORDIC_MspInit
 .text.HAL_TIM_PWM_MspInit
                0x08002958       0x74 ./Application/User/stm32g4xx_hal_msp.o
                0x08002958                HAL_TIM_PWM_MspInit
 *fill*         0x080029cc        0x4 
 .text.HAL_TIM_MspPostInit
                0x080029d0       0x74 ./Application/User/stm32g4xx_hal_msp.o
                0x080029d0                HAL_TIM_MspPostInit
 *fill*         0x08002a44        0x4 
 .text.HAL_UART_MspInit
                0x08002a48      0x110 ./Application/User/stm32g4xx_hal_msp.o
                0x08002a48                HAL_UART_MspInit
 .text.ADC1_2_IRQHandler
                0x08002b58        0xc ./Application/User/stm32g4xx_mc_it.o
                0x08002b58                ADC1_2_IRQHandler
 .text.TIM1_UP_TIM16_IRQHandler
                0x08002b64       0x18 ./Application/User/stm32g4xx_mc_it.o
                0x08002b64                TIM1_UP_TIM16_IRQHandler
 .text.TIM1_BRK_TIM15_IRQHandler
                0x08002b7c       0x3c ./Application/User/stm32g4xx_mc_it.o
                0x08002b7c                TIM1_BRK_TIM15_IRQHandler
 .text.RI_SetRegisterGlobal
                0x08002bb8      0x100 ./Application/User/sync_registers.o
                0x08002bb8                RI_SetRegisterGlobal
 .text.RI_SetRegisterMotor1
                0x08002cb8      0x5a8 ./Application/User/sync_registers.o
                0x08002cb8                RI_SetRegisterMotor1
 .text.RI_GetRegisterGlobal
                0x08003260      0x134 ./Application/User/sync_registers.o
                0x08003260                RI_GetRegisterGlobal
 .text.RI_GetRegisterMotor1
                0x08003394      0x7d0 ./Application/User/sync_registers.o
                0x08003394                RI_GetRegisterMotor1
 .text.UASPEP_INIT
                0x08003b64       0x84 ./Application/User/usart_aspep_driver.o
                0x08003b64                UASPEP_INIT
 .text.UASPEP_CFG_TRANSMISSION
                0x08003be8       0x38 ./Application/User/usart_aspep_driver.o
                0x08003be8                UASPEP_CFG_TRANSMISSION
 .text.UASPEP_CFG_RECEPTION
                0x08003c20       0x3c ./Application/User/usart_aspep_driver.o
                0x08003c20                UASPEP_CFG_RECEPTION
 .text.UASPEP_IDLE_ENABLE
                0x08003c5c       0x18 ./Application/User/usart_aspep_driver.o
                0x08003c5c                UASPEP_IDLE_ENABLE
 .text.SystemInit
                0x08003c74       0x14 ./Drivers/CMSIS/system_stm32g4xx.o
                0x08003c74                SystemInit
 .text.HAL_InitTick
                0x08003c88       0x4c ./Drivers/STM32G4xx_HAL_Driver/stm32g4xx_hal.o
                0x08003c88                HAL_InitTick
 .text.HAL_Init
                0x08003cd4       0x30 ./Drivers/STM32G4xx_HAL_Driver/stm32g4xx_hal.o
                0x08003cd4                HAL_Init
 .text.HAL_IncTick
                0x08003d04       0x18 ./Drivers/STM32G4xx_HAL_Driver/stm32g4xx_hal.o
                0x08003d04                HAL_IncTick
 .text.HAL_GetTick
                0x08003d1c        0xc ./Drivers/STM32G4xx_HAL_Driver/stm32g4xx_hal.o
                0x08003d1c                HAL_GetTick
 .text.HAL_ADC_Init
                0x08003d28      0x1e8 ./Drivers/STM32G4xx_HAL_Driver/stm32g4xx_hal_adc.o
                0x08003d28                HAL_ADC_Init
 .text.HAL_ADC_ConfigChannel
                0x08003f10      0x4e0 ./Drivers/STM32G4xx_HAL_Driver/stm32g4xx_hal_adc.o
                0x08003f10                HAL_ADC_ConfigChannel
 .text.HAL_ADCEx_InjectedConfigChannel
                0x080043f0      0x5fc ./Drivers/STM32G4xx_HAL_Driver/stm32g4xx_hal_adc_ex.o
                0x080043f0                HAL_ADCEx_InjectedConfigChannel
 .text.HAL_ADCEx_MultiModeConfigChannel
                0x080049ec       0xc8 ./Drivers/STM32G4xx_HAL_Driver/stm32g4xx_hal_adc_ex.o
                0x080049ec                HAL_ADCEx_MultiModeConfigChannel
 .text.HAL_CORDIC_Init
                0x08004ab4       0x34 ./Drivers/STM32G4xx_HAL_Driver/stm32g4xx_hal_cordic.o
                0x08004ab4                HAL_CORDIC_Init
 .text.HAL_NVIC_SetPriorityGrouping
                0x08004ae8       0x24 ./Drivers/STM32G4xx_HAL_Driver/stm32g4xx_hal_cortex.o
                0x08004ae8                HAL_NVIC_SetPriorityGrouping
 .text.HAL_NVIC_SetPriority
                0x08004b0c       0x78 ./Drivers/STM32G4xx_HAL_Driver/stm32g4xx_hal_cortex.o
                0x08004b0c                HAL_NVIC_SetPriority
 .text.HAL_NVIC_EnableIRQ
                0x08004b84       0x1c ./Drivers/STM32G4xx_HAL_Driver/stm32g4xx_hal_cortex.o
                0x08004b84                HAL_NVIC_EnableIRQ
 .text.HAL_NVIC_SystemReset
                0x08004ba0       0x24 ./Drivers/STM32G4xx_HAL_Driver/stm32g4xx_hal_cortex.o
                0x08004ba0                HAL_NVIC_SystemReset
 .text.HAL_SYSTICK_Config
                0x08004bc4       0x34 ./Drivers/STM32G4xx_HAL_Driver/stm32g4xx_hal_cortex.o
                0x08004bc4                HAL_SYSTICK_Config
 .text.HAL_SYSTICK_Callback
                0x08004bf8        0x4 ./Drivers/STM32G4xx_HAL_Driver/stm32g4xx_hal_cortex.o
                0x08004bf8                HAL_SYSTICK_Callback
 .text.HAL_SYSTICK_IRQHandler
                0x08004bfc        0x8 ./Drivers/STM32G4xx_HAL_Driver/stm32g4xx_hal_cortex.o
                0x08004bfc                HAL_SYSTICK_IRQHandler
 .text.HAL_DMA_Init
                0x08004c04      0x124 ./Drivers/STM32G4xx_HAL_Driver/stm32g4xx_hal_dma.o
                0x08004c04                HAL_DMA_Init
 .text.HAL_GPIO_Init
                0x08004d28      0x37c ./Drivers/STM32G4xx_HAL_Driver/stm32g4xx_hal_gpio.o
                0x08004d28                HAL_GPIO_Init
 .text.HAL_GPIO_WritePin
                0x080050a4        0xc ./Drivers/STM32G4xx_HAL_Driver/stm32g4xx_hal_gpio.o
                0x080050a4                HAL_GPIO_WritePin
 .text.HAL_PWREx_ControlVoltageScaling
                0x080050b0       0xe4 ./Drivers/STM32G4xx_HAL_Driver/stm32g4xx_hal_pwr_ex.o
                0x080050b0                HAL_PWREx_ControlVoltageScaling
 .text.HAL_PWREx_DisableUCPDDeadBattery
                0x08005194       0x10 ./Drivers/STM32G4xx_HAL_Driver/stm32g4xx_hal_pwr_ex.o
                0x08005194                HAL_PWREx_DisableUCPDDeadBattery
 .text.HAL_RCC_OscConfig
                0x080051a4      0x48c ./Drivers/STM32G4xx_HAL_Driver/stm32g4xx_hal_rcc.o
                0x080051a4                HAL_RCC_OscConfig
 .text.HAL_RCC_GetSysClockFreq
                0x08005630       0x70 ./Drivers/STM32G4xx_HAL_Driver/stm32g4xx_hal_rcc.o
                0x08005630                HAL_RCC_GetSysClockFreq
 .text.HAL_RCC_ClockConfig
                0x080056a0      0x208 ./Drivers/STM32G4xx_HAL_Driver/stm32g4xx_hal_rcc.o
                0x080056a0                HAL_RCC_ClockConfig
 .text.HAL_RCC_GetHCLKFreq
                0x080058a8        0xc ./Drivers/STM32G4xx_HAL_Driver/stm32g4xx_hal_rcc.o
                0x080058a8                HAL_RCC_GetHCLKFreq
 .text.HAL_RCC_GetPCLK1Freq
                0x080058b4       0x24 ./Drivers/STM32G4xx_HAL_Driver/stm32g4xx_hal_rcc.o
                0x080058b4                HAL_RCC_GetPCLK1Freq
 .text.HAL_RCC_GetPCLK2Freq
                0x080058d8       0x24 ./Drivers/STM32G4xx_HAL_Driver/stm32g4xx_hal_rcc.o
                0x080058d8                HAL_RCC_GetPCLK2Freq
 .text.HAL_RCC_EnableCSS
                0x080058fc       0x10 ./Drivers/STM32G4xx_HAL_Driver/stm32g4xx_hal_rcc.o
                0x080058fc                HAL_RCC_EnableCSS
 .text.HAL_RCCEx_PeriphCLKConfig
                0x0800590c      0x29c ./Drivers/STM32G4xx_HAL_Driver/stm32g4xx_hal_rcc_ex.o
                0x0800590c                HAL_RCCEx_PeriphCLKConfig
 .text.TIM_OC1_SetConfig
                0x08005ba8       0x78 ./Drivers/STM32G4xx_HAL_Driver/stm32g4xx_hal_tim.o
 .text.TIM_OC3_SetConfig
                0x08005c20       0x80 ./Drivers/STM32G4xx_HAL_Driver/stm32g4xx_hal_tim.o
 .text.TIM_OC4_SetConfig
                0x08005ca0       0x84 ./Drivers/STM32G4xx_HAL_Driver/stm32g4xx_hal_tim.o
 .text.HAL_TIM_PWM_Init
                0x08005d24       0xfc ./Drivers/STM32G4xx_HAL_Driver/stm32g4xx_hal_tim.o
                0x08005d24                HAL_TIM_PWM_Init
 .text.TIM_OC2_SetConfig
                0x08005e20       0x84 ./Drivers/STM32G4xx_HAL_Driver/stm32g4xx_hal_tim.o
                0x08005e20                TIM_OC2_SetConfig
 .text.HAL_TIM_PWM_ConfigChannel
                0x08005ea4      0x1cc ./Drivers/STM32G4xx_HAL_Driver/stm32g4xx_hal_tim.o
                0x08005ea4                HAL_TIM_PWM_ConfigChannel
 .text.HAL_TIMEx_MasterConfigSynchronization
                0x08006070       0xa4 ./Drivers/STM32G4xx_HAL_Driver/stm32g4xx_hal_tim_ex.o
                0x08006070                HAL_TIMEx_MasterConfigSynchronization
 .text.HAL_TIMEx_ConfigBreakDeadTime
                0x08006114       0x9c ./Drivers/STM32G4xx_HAL_Driver/stm32g4xx_hal_tim_ex.o
                0x08006114                HAL_TIMEx_ConfigBreakDeadTime
 .text.HAL_TIMEx_ConfigBreakInput
                0x080061b0       0xb0 ./Drivers/STM32G4xx_HAL_Driver/stm32g4xx_hal_tim_ex.o
                0x080061b0                HAL_TIMEx_ConfigBreakInput
 .text.UART_SetConfig
                0x08006260      0x278 ./Drivers/STM32G4xx_HAL_Driver/stm32g4xx_hal_uart.o
                0x08006260                UART_SetConfig
 .text.UART_AdvFeatureConfig
                0x080064d8       0xb0 ./Drivers/STM32G4xx_HAL_Driver/stm32g4xx_hal_uart.o
                0x080064d8                UART_AdvFeatureConfig
 .text.UART_CheckIdleState
                0x08006588      0x258 ./Drivers/STM32G4xx_HAL_Driver/stm32g4xx_hal_uart.o
                0x08006588                UART_CheckIdleState
 .text.HAL_UART_Init
                0x080067e0       0x68 ./Drivers/STM32G4xx_HAL_Driver/stm32g4xx_hal_uart.o
                0x080067e0                HAL_UART_Init
 .text.HAL_UARTEx_DisableFifoMode
                0x08006848       0x3c ./Drivers/STM32G4xx_HAL_Driver/stm32g4xx_hal_uart_ex.o
                0x08006848                HAL_UARTEx_DisableFifoMode
 .text.HAL_UARTEx_SetTxFifoThreshold
                0x08006884       0x84 ./Drivers/STM32G4xx_HAL_Driver/stm32g4xx_hal_uart_ex.o
                0x08006884                HAL_UARTEx_SetTxFifoThreshold
 .text.HAL_UARTEx_SetRxFifoThreshold
                0x08006908       0x84 ./Drivers/STM32G4xx_HAL_Driver/stm32g4xx_hal_uart_ex.o
                0x08006908                HAL_UARTEx_SetRxFifoThreshold
 .text.VBS_GetAvBusVoltage_V
                0x0800698c        0xc ./Middlewares/MotorControl/bus_voltage_sensor.o
                0x0800698c                VBS_GetAvBusVoltage_V
 .text.Circle_Limitation
                0x08006998       0x5c ./Middlewares/MotorControl/circle_limitation.o
                0x08006998                Circle_Limitation
 .text.NTC_Init
                0x080069f4       0x24 ./Middlewares/MotorControl/ntc_temperature_sensor.o
                0x080069f4                NTC_Init
 .text.NTC_CalcAvTemp
                0x08006a18       0x4c ./Middlewares/MotorControl/ntc_temperature_sensor.o
                0x08006a18                NTC_CalcAvTemp
 .text.NTC_GetAvTemp_C
                0x08006a64       0x24 ./Middlewares/MotorControl/ntc_temperature_sensor.o
                0x08006a64                NTC_GetAvTemp_C
 .text.PID_HandleInit
                0x08006a88       0x10 ./Middlewares/MotorControl/pid_regulator.o
                0x08006a88                PID_HandleInit
 .text.PID_SetKP
                0x08006a98        0x4 ./Middlewares/MotorControl/pid_regulator.o
                0x08006a98                PID_SetKP
 .text.PID_SetKI
                0x08006a9c        0x4 ./Middlewares/MotorControl/pid_regulator.o
                0x08006a9c                PID_SetKI
 .text.PID_GetKP
                0x08006aa0        0x8 ./Middlewares/MotorControl/pid_regulator.o
                0x08006aa0                PID_GetKP
 .text.PID_GetKI
                0x08006aa8        0x8 ./Middlewares/MotorControl/pid_regulator.o
                0x08006aa8                PID_GetKI
 .text.PID_SetIntegralTerm
                0x08006ab0        0x4 ./Middlewares/MotorControl/pid_regulator.o
                0x08006ab0                PID_SetIntegralTerm
 .text.PID_GetKPDivisorPOW2
                0x08006ab4        0x4 ./Middlewares/MotorControl/pid_regulator.o
                0x08006ab4                PID_GetKPDivisorPOW2
 .text.PID_SetKPDivisorPOW2
                0x08006ab8        0xc ./Middlewares/MotorControl/pid_regulator.o
                0x08006ab8                PID_SetKPDivisorPOW2
 .text.PID_GetKIDivisorPOW2
                0x08006ac4        0x4 ./Middlewares/MotorControl/pid_regulator.o
                0x08006ac4                PID_GetKIDivisorPOW2
 .text.PID_SetLowerIntegralTermLimit
                0x08006ac8        0x4 ./Middlewares/MotorControl/pid_regulator.o
                0x08006ac8                PID_SetLowerIntegralTermLimit
 .text.PID_SetUpperIntegralTermLimit
                0x08006acc        0x4 ./Middlewares/MotorControl/pid_regulator.o
                0x08006acc                PID_SetUpperIntegralTermLimit
 .text.PID_SetKIDivisorPOW2
                0x08006ad0       0x28 ./Middlewares/MotorControl/pid_regulator.o
                0x08006ad0                PID_SetKIDivisorPOW2
 .text.PID_SetKD
                0x08006af8        0x4 ./Middlewares/MotorControl/pid_regulator.o
                0x08006af8                PID_SetKD
 .text.PID_GetKD
                0x08006afc        0x8 ./Middlewares/MotorControl/pid_regulator.o
                0x08006afc                PID_GetKD
 .text.PID_GetKDDivisorPOW2
                0x08006b04        0x4 ./Middlewares/MotorControl/pid_regulator.o
                0x08006b04                PID_GetKDDivisorPOW2
 .text.PID_SetKDDivisorPOW2
                0x08006b08        0xc ./Middlewares/MotorControl/pid_regulator.o
                0x08006b08                PID_SetKDDivisorPOW2
 .text.PI_Controller
                0x08006b14       0x80 ./Middlewares/MotorControl/pid_regulator.o
                0x08006b14                PI_Controller
 .text.PQD_CalcElMotorPower
                0x08006b94       0x38 ./Middlewares/MotorControl/pqd_motor_power_measurement.o
                0x08006b94                PQD_CalcElMotorPower
 .text.PQD_GetAvrgElMotorPowerW
                0x08006bcc       0x34 ./Middlewares/MotorControl/pqd_motor_power_measurement.o
                0x08006bcc                PQD_GetAvrgElMotorPowerW
 .text.PWMC_SetPhaseVoltage_OVM
                0x08006c00      0x6ec ./Middlewares/MotorControl/pwm_curr_fdbk_ovm.o
                0x08006c00                PWMC_SetPhaseVoltage_OVM
 .text.R3_2_ADCxInit
                0x080072ec       0xdc ./Middlewares/MotorControl/r3_2_g4xx_pwm_curr_fdbk.o
 .text.R3_2_GetPhaseCurrents
                0x080073c8      0x17c ./Middlewares/MotorControl/r3_2_g4xx_pwm_curr_fdbk.o
                0x080073c8                R3_2_GetPhaseCurrents
 .text.R3_2_SetADCSampPointPolarization
                0x08007544       0x44 ./Middlewares/MotorControl/r3_2_g4xx_pwm_curr_fdbk.o
                0x08007544                R3_2_SetADCSampPointPolarization
 .text.R3_2_HFCurrentsPolarizationAB
                0x08007588       0x58 ./Middlewares/MotorControl/r3_2_g4xx_pwm_curr_fdbk.o
 .text.R3_2_HFCurrentsPolarizationC
                0x080075e0       0x4c ./Middlewares/MotorControl/r3_2_g4xx_pwm_curr_fdbk.o
 .text.R3_2_SwitchOnPWM
                0x0800762c       0xc0 ./Middlewares/MotorControl/r3_2_g4xx_pwm_curr_fdbk.o
                0x0800762c                R3_2_SwitchOnPWM
 .text.R3_2_RLGetPhaseCurrents
                0x080076ec       0x54 ./Middlewares/MotorControl/r3_2_g4xx_pwm_curr_fdbk.o
 .text.R3_2_RLSwitchOnPWM
                0x08007740       0x84 ./Middlewares/MotorControl/r3_2_g4xx_pwm_curr_fdbk.o
 .text.R3_2_TurnOnLowSides
                0x080077c4       0x74 ./Middlewares/MotorControl/r3_2_g4xx_pwm_curr_fdbk.o
                0x080077c4                R3_2_TurnOnLowSides
 .text.R3_2_SwitchOffPWM
                0x08007838       0x4c ./Middlewares/MotorControl/r3_2_g4xx_pwm_curr_fdbk.o
                0x08007838                R3_2_SwitchOffPWM
 .text.R3_2_SetAOReferenceVoltage
                0x08007884       0x94 ./Middlewares/MotorControl/r3_2_g4xx_pwm_curr_fdbk.o
 .text.R3_2_RLTurnOnLowSides
                0x08007918       0x4c ./Middlewares/MotorControl/r3_2_g4xx_pwm_curr_fdbk.o
 .text.R3_2_Init
                0x08007964      0x2a8 ./Middlewares/MotorControl/r3_2_g4xx_pwm_curr_fdbk.o
                0x08007964                R3_2_Init
 .text.R3_2_SetOffsetCalib
                0x08007c0c       0x1c ./Middlewares/MotorControl/r3_2_g4xx_pwm_curr_fdbk.o
                0x08007c0c                R3_2_SetOffsetCalib
 .text.R3_2_GetOffsetCalib
                0x08007c28       0x10 ./Middlewares/MotorControl/r3_2_g4xx_pwm_curr_fdbk.o
                0x08007c28                R3_2_GetOffsetCalib
 .text.R3_2_CurrentReadingPolarization
                0x08007c38      0x134 ./Middlewares/MotorControl/r3_2_g4xx_pwm_curr_fdbk.o
                0x08007c38                R3_2_CurrentReadingPolarization
 .text.R3_2_GetPhaseCurrents_OVM
                0x08007d6c      0x2d4 ./Middlewares/MotorControl/r3_2_g4xx_pwm_curr_fdbk.o
                0x08007d6c                R3_2_GetPhaseCurrents_OVM
 .text.R3_2_SetADCSampPointSectX_OVM
                0x08008040       0x98 ./Middlewares/MotorControl/r3_2_g4xx_pwm_curr_fdbk.o
                0x08008040                R3_2_SetADCSampPointSectX_OVM
 .text.R3_2_TIMx_UP_IRQHandler
                0x080080d8       0x80 ./Middlewares/MotorControl/r3_2_g4xx_pwm_curr_fdbk.o
                0x080080d8                R3_2_TIMx_UP_IRQHandler
 .text.R3_2_RLDetectionModeEnable
                0x08008158       0xd8 ./Middlewares/MotorControl/r3_2_g4xx_pwm_curr_fdbk.o
                0x08008158                R3_2_RLDetectionModeEnable
 .text.R3_2_RLDetectionModeDisable
                0x08008230      0x130 ./Middlewares/MotorControl/r3_2_g4xx_pwm_curr_fdbk.o
                0x08008230                R3_2_RLDetectionModeDisable
 .text.R3_2_RLDetectionModeSetDuty
                0x08008360       0x7c ./Middlewares/MotorControl/r3_2_g4xx_pwm_curr_fdbk.o
                0x08008360                R3_2_RLDetectionModeSetDuty
 .text.R3_2_RLTurnOnLowSidesAndStart
                0x080083dc       0x9c ./Middlewares/MotorControl/r3_2_g4xx_pwm_curr_fdbk.o
                0x080083dc                R3_2_RLTurnOnLowSidesAndStart
 .text.RVBS_Init
                0x08008478        0xc ./Middlewares/MotorControl/r_divider_bus_voltage_sensor.o
                0x08008478                RVBS_Init
 .text.RVBS_CalcAvVbus
                0x08008484       0x70 ./Middlewares/MotorControl/r_divider_bus_voltage_sensor.o
                0x08008484                RVBS_CalcAvVbus
 .text.REMNG_Init
                0x080084f4       0x10 ./Middlewares/MotorControl/ramp_ext_mngr.o
                0x080084f4                REMNG_Init
 .text.REMNG_Calc
                0x08008504       0x44 ./Middlewares/MotorControl/ramp_ext_mngr.o
                0x08008504                REMNG_Calc
 .text.REMNG_RampCompleted
                0x08008548        0xc ./Middlewares/MotorControl/ramp_ext_mngr.o
                0x08008548                REMNG_RampCompleted
 .text.getScalingFactor
                0x08008554       0x38 ./Middlewares/MotorControl/ramp_ext_mngr.o
                0x08008554                getScalingFactor
 .text.REMNG_ExecRamp
                0x0800858c       0x8c ./Middlewares/MotorControl/ramp_ext_mngr.o
                0x0800858c                REMNG_ExecRamp
 .text.RUC_Init
                0x08008618       0x78 ./Middlewares/MotorControl/revup_ctrl.o
                0x08008618                RUC_Init
 .text.RUC_Clear
                0x08008690       0x98 ./Middlewares/MotorControl/revup_ctrl.o
                0x08008690                RUC_Clear
 .text.RUC_Exec
                0x08008728       0x70 ./Middlewares/MotorControl/revup_ctrl.o
                0x08008728                RUC_Exec
 .text.RUC_FirstAccelerationStageReached
                0x08008798       0x14 ./Middlewares/MotorControl/revup_ctrl.o
                0x08008798                RUC_FirstAccelerationStageReached
 .text.SPD_GetAvrgMecSpeedUnit
                0x080087ac        0x8 ./Middlewares/MotorControl/speed_pos_fdbk.o
                0x080087ac                SPD_GetAvrgMecSpeedUnit
 .text.SPD_IsMecSpeedReliable
                0x080087b4       0x6c ./Middlewares/MotorControl/speed_pos_fdbk.o
                0x080087b4                SPD_IsMecSpeedReliable
 .text.SPD_GetS16Speed
                0x08008820        0x8 ./Middlewares/MotorControl/speed_pos_fdbk.o
                0x08008820                SPD_GetS16Speed
 .text.STO_PLL_CalcElAngle
                0x08008828      0x1e4 ./Middlewares/MotorControl/sto_pll_speed_pos_fdbk.o
                0x08008828                STO_PLL_CalcElAngle
 .text.STO_PLL_CalcAvrgMecSpeedUnit
                0x08008a0c      0x158 ./Middlewares/MotorControl/sto_pll_speed_pos_fdbk.o
                0x08008a0c                STO_PLL_CalcAvrgMecSpeedUnit
 .text.STO_PLL_CalcAvrgElSpeedDpp
                0x08008b64       0x58 ./Middlewares/MotorControl/sto_pll_speed_pos_fdbk.o
                0x08008b64                STO_PLL_CalcAvrgElSpeedDpp
 .text.STO_PLL_Clear
                0x08008bbc       0x4c ./Middlewares/MotorControl/sto_pll_speed_pos_fdbk.o
                0x08008bbc                STO_PLL_Clear
 .text.STO_PLL_Init
                0x08008c08       0x74 ./Middlewares/MotorControl/sto_pll_speed_pos_fdbk.o
                0x08008c08                STO_PLL_Init
 .text.STO_PLL_IsObserverConverged
                0x08008c7c       0xcc ./Middlewares/MotorControl/sto_pll_speed_pos_fdbk.o
                0x08008c7c                STO_PLL_IsObserverConverged
 .text.STO_PLL_GetEstimatedBemf
                0x08008d48        0x8 ./Middlewares/MotorControl/sto_pll_speed_pos_fdbk.o
                0x08008d48                STO_PLL_GetEstimatedBemf
 .text.STO_PLL_GetEstimatedCurrent
                0x08008d50       0x24 ./Middlewares/MotorControl/sto_pll_speed_pos_fdbk.o
                0x08008d50                STO_PLL_GetEstimatedCurrent
 .text.STO_PLL_GetObserverGains
                0x08008d74       0x10 ./Middlewares/MotorControl/sto_pll_speed_pos_fdbk.o
                0x08008d74                STO_PLL_GetObserverGains
 .text.STO_PLL_SetObserverGains
                0x08008d84        0x8 ./Middlewares/MotorControl/sto_pll_speed_pos_fdbk.o
                0x08008d84                STO_PLL_SetObserverGains
 .text.STO_OTF_ResetPLL
                0x08008d8c        0xc ./Middlewares/MotorControl/sto_pll_speed_pos_fdbk.o
                0x08008d8c                STO_OTF_ResetPLL
 .text.STO_PLL_IsVarianceTight
                0x08008d98        0x8 ./Middlewares/MotorControl/sto_pll_speed_pos_fdbk.o
                0x08008d98                STO_PLL_IsVarianceTight
 .text.STO_PLL_ForceConvergency1
                0x08008da0        0xc ./Middlewares/MotorControl/sto_pll_speed_pos_fdbk.o
                0x08008da0                STO_PLL_ForceConvergency1
 .text.STO_PLL_ForceConvergency2
                0x08008dac        0xc ./Middlewares/MotorControl/sto_pll_speed_pos_fdbk.o
                0x08008dac                STO_PLL_ForceConvergency2
 .text.STO_SetDirection
                0x08008db8        0x8 ./Middlewares/MotorControl/sto_pll_speed_pos_fdbk.o
                0x08008db8                STO_SetDirection
 .text.VSS_Clear
                0x08008dc0       0x1c ./Middlewares/MotorControl/virtual_speed_sensor.o
                0x08008dc0                VSS_Clear
 .text.VSS_Init
                0x08008ddc        0x8 ./Middlewares/MotorControl/virtual_speed_sensor.o
                0x08008ddc                VSS_Init
 .text.VSS_CalcElAngle
                0x08008de4       0xa4 ./Middlewares/MotorControl/virtual_speed_sensor.o
                0x08008de4                VSS_CalcElAngle
 .text.VSS_CalcAvrgMecSpeedUnit
                0x08008e88       0xa4 ./Middlewares/MotorControl/virtual_speed_sensor.o
                0x08008e88                VSS_CalcAvrgMecSpeedUnit
 .text.VSS_SetMecAcceleration
                0x08008f2c       0x78 ./Middlewares/MotorControl/virtual_speed_sensor.o
                0x08008f2c                VSS_SetMecAcceleration
 .text.VSS_SetStartTransition
                0x08008fa4       0x1c ./Middlewares/MotorControl/virtual_speed_sensor.o
                0x08008fa4                VSS_SetStartTransition
 .text.VSS_TransitionEnded
                0x08008fc0        0x8 ./Middlewares/MotorControl/virtual_speed_sensor.o
                0x08008fc0                VSS_TransitionEnded
 .text.memset   0x08008fc8       0x10 C:/ST/STM32CubeIDE_2.0.0/STM32CubeIDE/plugins/com.st.stm32cube.ide.mcu.externaltools.gnu-tools-for-stm32.13.3.rel1.win32_1.0.100.202509120712/tools/bin/../lib/gcc/arm-none-eabi/13.3.1/../../../../arm-none-eabi/lib/thumb/v7e-m+fp/hard\libc_nano.a(libc_a-memset.o)
                0x08008fc8                memset
 .text.__libc_init_array
                0x08008fd8       0x48 C:/ST/STM32CubeIDE_2.0.0/STM32CubeIDE/plugins/com.st.stm32cube.ide.mcu.externaltools.gnu-tools-for-stm32.13.3.rel1.win32_1.0.100.202509120712/tools/bin/../lib/gcc/arm-none-eabi/13.3.1/../../../../arm-none-eabi/lib/thumb/v7e-m+fp/hard\libc_nano.a(libc_a-init.o)
                0x08008fd8                __libc_init_array
 *(.glue_7)
 .glue_7        0x08009020        0x0 linker stubs
 *(.glue_7t)
 .glue_7t       0x08009020        0x0 linker stubs
 *(.eh_frame)
 .eh_frame      0x08009020        0x0 C:/ST/STM32CubeIDE_2.0.0/STM32CubeIDE/plugins/com.st.stm32cube.ide.mcu.externaltools.gnu-tools-for-stm32.13.3.rel1.win32_1.0.100.202509120712/tools/bin/../lib/gcc/arm-none-eabi/13.3.1/thumb/v7e-m+fp/hard/crtbegin.o
 *(.init)
 .init          0x08009020        0x4 C:/ST/STM32CubeIDE_2.0.0/STM32CubeIDE/plugins/com.st.stm32cube.ide.mcu.externaltools.gnu-tools-for-stm32.13.3.rel1.win32_1.0.100.202509120712/tools/bin/../lib/gcc/arm-none-eabi/13.3.1/thumb/v7e-m+fp/hard/crti.o
                0x08009020                _init
 .init          0x08009024        0x8 C:/ST/STM32CubeIDE_2.0.0/STM32CubeIDE/plugins/com.st.stm32cube.ide.mcu.externaltools.gnu-tools-for-stm32.13.3.rel1.win32_1.0.100.202509120712/tools/bin/../lib/gcc/arm-none-eabi/13.3.1/thumb/v7e-m+fp/hard/crtn.o
 *(.fini)
 .fini          0x0800902c        0x4 C:/ST/STM32CubeIDE_2.0.0/STM32CubeIDE/plugins/com.st.stm32cube.ide.mcu.externaltools.gnu-tools-for-stm32.13.3.rel1.win32_1.0.100.202509120712/tools/bin/../lib/gcc/arm-none-eabi/13.3.1/thumb/v7e-m+fp/hard/crti.o
                0x0800902c                _fini
 .fini          0x08009030        0x8 C:/ST/STM32CubeIDE_2.0.0/STM32CubeIDE/plugins/com.st.stm32cube.ide.mcu.externaltools.gnu-tools-for-stm32.13.3.rel1.win32_1.0.100.202509120712/tools/bin/../lib/gcc/arm-none-eabi/13.3.1/thumb/v7e-m+fp/hard/crtn.o
                0x08009038                        . = ALIGN (0x4)
                0x08009038                        _etext = .

.vfp11_veneer   0x08009038        0x0
 .vfp11_veneer  0x08009038        0x0 linker stubs

.v4_bx          0x08009038        0x0
 .v4_bx         0x08009038        0x0 linker stubs

.iplt           0x08009038        0x0
 .iplt          0x08009038        0x0 C:/ST/STM32CubeIDE_2.0.0/STM32CubeIDE/plugins/com.st.stm32cube.ide.mcu.externaltools.gnu-tools-for-stm32.13.3.rel1.win32_1.0.100.202509120712/tools/bin/../lib/gcc/arm-none-eabi/13.3.1/thumb/v7e-m+fp/hard/crtbegin.o

.rodata         0x08009038      0x5ec
                0x08009038                        . = ALIGN (0x4)
 *(.rodata)
 *(.rodata*)
 .rodata.CRC4_Lookup4
                0x08009038       0x10 ./Application/User/aspep.o
 .rodata.CRC4_Lookup8
                0x08009048      0x100 ./Application/User/aspep.o
 .rodata.M1_FOCConfig_reg
                0x08009148        0xe ./Application/User/mc_configuration_registers.o
 *fill*         0x08009156        0x2 
 .rodata.M1_MotorConfig_reg
                0x08009158       0x3c ./Application/User/mc_configuration_registers.o
 .rodata.M1_ApplicationConfig_reg
                0x08009194       0x10 ./Application/User/mc_configuration_registers.o
 .rodata.globalConfig_reg
                0x080091a4        0xa ./Application/User/mc_configuration_registers.o
                0x080091a4                globalConfig_reg
 *fill*         0x080091ae        0x2 
 .rodata.FIRMWARE_NAME
                0x080091b0       0x14 ./Application/User/mc_configuration_registers.o
                0x080091b0                FIRMWARE_NAME
 .rodata.M1_PWR_BOARD
                0x080091c4       0x11 ./Application/User/mc_configuration_registers.o
 *fill*         0x080091d5        0x3 
 .rodata.CTL_BOARD
                0x080091d8        0xe ./Application/User/mc_configuration_registers.o
                0x080091d8                CTL_BOARD
 *fill*         0x080091e6        0x2 
 .rodata.R3_2_ParamsM1
                0x080091e8       0xac ./Application/User/mc_parameters.o
                0x080091e8                R3_2_ParamsM1
 .rodata.CHANNEL_OFFSET_TAB
                0x08009294        0x6 ./Application/User/usart_aspep_driver.o
 *fill*         0x0800929a        0x2 
 .rodata.APBPrescTable
                0x0800929c        0x8 ./Drivers/CMSIS/system_stm32g4xx.o
                0x0800929c                APBPrescTable
 .rodata.AHBPrescTable
                0x080092a4       0x10 ./Drivers/CMSIS/system_stm32g4xx.o
                0x080092a4                AHBPrescTable
 .rodata.CSWTCH.115
                0x080092b4       0x40 ./Drivers/STM32G4xx_HAL_Driver/stm32g4xx_hal_tim_ex.o
 .rodata.CSWTCH.114
                0x080092f4       0x40 ./Drivers/STM32G4xx_HAL_Driver/stm32g4xx_hal_tim_ex.o
 .rodata.CSWTCH.113
                0x08009334       0x40 ./Drivers/STM32G4xx_HAL_Driver/stm32g4xx_hal_tim_ex.o
 .rodata.CSWTCH.112
                0x08009374       0x40 ./Drivers/STM32G4xx_HAL_Driver/stm32g4xx_hal_tim_ex.o
 .rodata.UARTPrescTable
                0x080093b4       0x18 ./Drivers/STM32G4xx_HAL_Driver/stm32g4xx_hal_uart.o
                0x080093b4                UARTPrescTable
 .rodata.denominator.0
                0x080093cc        0x8 ./Drivers/STM32G4xx_HAL_Driver/stm32g4xx_hal_uart_ex.o
 .rodata.numerator.1
                0x080093d4        0x8 ./Drivers/STM32G4xx_HAL_Driver/stm32g4xx_hal_uart_ex.o
 .rodata.aOVMGamma.0
                0x080093dc       0xc8 ./Middlewares/MotorControl/pwm_curr_fdbk_ovm.o
 .rodata.aOVMGain.1
                0x080094a4      0x180 ./Middlewares/MotorControl/pwm_curr_fdbk_ovm.o
                0x08009624                        . = ALIGN (0x4)

.ARM.extab      0x08009624        0x0
                0x08009624                        . = ALIGN (0x4)
 *(.ARM.extab* .gnu.linkonce.armextab.*)
                0x08009624                        . = ALIGN (0x4)

.ARM            0x08009624        0x8
                0x08009624                        . = ALIGN (0x4)
                0x08009624                        __exidx_start = .
 *(.ARM.exidx*)
 .ARM.exidx     0x08009624        0x8 C:/ST/STM32CubeIDE_2.0.0/STM32CubeIDE/plugins/com.st.stm32cube.ide.mcu.externaltools.gnu-tools-for-stm32.13.3.rel1.win32_1.0.100.202509120712/tools/bin/../lib/gcc/arm-none-eabi/13.3.1/thumb/v7e-m+fp/hard\libgcc.a(_udivmoddi4.o)
                0x0800962c                        __exidx_end = .
                0x0800962c                        . = ALIGN (0x4)

.preinit_array  0x0800962c        0x0
                0x0800962c                        . = ALIGN (0x4)
                0x0800962c                        PROVIDE (__preinit_array_start = .)
 *(.preinit_array*)
                0x0800962c                        PROVIDE (__preinit_array_end = .)
                0x0800962c                        . = ALIGN (0x4)

.init_array     0x0800962c        0x4
                0x0800962c                        . = ALIGN (0x4)
                0x0800962c                        PROVIDE (__init_array_start = .)
 *(SORT_BY_NAME(.init_array.*))
 *(.init_array*)
 .init_array    0x0800962c        0x4 C:/ST/STM32CubeIDE_2.0.0/STM32CubeIDE/plugins/com.st.stm32cube.ide.mcu.externaltools.gnu-tools-for-stm32.13.3.rel1.win32_1.0.100.202509120712/tools/bin/../lib/gcc/arm-none-eabi/13.3.1/thumb/v7e-m+fp/hard/crtbegin.o
                0x08009630                        PROVIDE (__init_array_end = .)
                0x08009630                        . = ALIGN (0x4)

.fini_array     0x08009630        0x4
                0x08009630                        . = ALIGN (0x4)
                [!provide]                        PROVIDE (__fini_array_start = .)
 *(SORT_BY_NAME(.fini_array.*))
 *(.fini_array*)
 .fini_array    0x08009630        0x4 C:/ST/STM32CubeIDE_2.0.0/STM32CubeIDE/plugins/com.st.stm32cube.ide.mcu.externaltools.gnu-tools-for-stm32.13.3.rel1.win32_1.0.100.202509120712/tools/bin/../lib/gcc/arm-none-eabi/13.3.1/thumb/v7e-m+fp/hard/crtbegin.o
                [!provide]                        PROVIDE (__fini_array_end = .)
                0x08009634                        . = ALIGN (0x4)
                0x08009634                        _sidata = LOADADDR (.data)

.rel.dyn        0x08009634        0x0
 .rel.iplt      0x08009634        0x0 C:/ST/STM32CubeIDE_2.0.0/STM32CubeIDE/plugins/com.st.stm32cube.ide.mcu.externaltools.gnu-tools-for-stm32.13.3.rel1.win32_1.0.100.202509120712/tools/bin/../lib/gcc/arm-none-eabi/13.3.1/thumb/v7e-m+fp/hard/crtbegin.o

.data           0x20000000      0x4a8 load address 0x08009634
                0x20000000                        . = ALIGN (0x4)
                0x20000000                        _sdata = .
 *(.data)
 *(.data*)
 .data.Mci      0x20000000       0x28 ./Application/User/mc_config.o
                0x20000000                Mci
 .data.pMPM     0x20000028        0x4 ./Application/User/mc_config.o
                0x20000028                pMPM
 .data.pPIDId   0x2000002c        0x4 ./Application/User/mc_config.o
                0x2000002c                pPIDId
 .data.pPIDIq   0x20000030        0x4 ./Application/User/mc_config.o
                0x20000030                pPIDIq
 .data.pSTC     0x20000034        0x4 ./Application/User/mc_config.o
                0x20000034                pSTC
 .data.CircleLimitationM1
                0x20000038        0x4 ./Application/User/mc_config.o
                0x20000038                CircleLimitationM1
 .data.RampExtMngrHFParamsM1
                0x2000003c       0x18 ./Application/User/mc_config.o
                0x2000003c                RampExtMngrHFParamsM1
 .data.STO_M1   0x20000054       0x14 ./Application/User/mc_config.o
                0x20000054                STO_M1
 .data.STO_PLL_M1
                0x20000068      0x128 ./Application/User/mc_config.o
                0x20000068                STO_PLL_M1
 .data.PWM_Handle_M1
                0x20000190       0xa0 ./Application/User/mc_config.o
                0x20000190                PWM_Handle_M1
 .data.RevUpControlM1
                0x20000230       0x78 ./Application/User/mc_config.o
                0x20000230                RevUpControlM1
 .data.SpeednTorqCtrlM1
                0x200002a8       0x38 ./Application/User/mc_config.o
                0x200002a8                SpeednTorqCtrlM1
 .data.PIDIdHandle_M1
                0x200002e0       0x2c ./Application/User/mc_config.o
                0x200002e0                PIDIdHandle_M1
 .data.PIDIqHandle_M1
                0x2000030c       0x2c ./Application/User/mc_config.o
                0x2000030c                PIDIqHandle_M1
 .data.PIDSpeedHandle_M1
                0x20000338       0x2c ./Application/User/mc_config.o
                0x20000338                PIDSpeedHandle_M1
 .data.PQD_MotorPowMeasM1
                0x20000364       0x10 ./Application/User/mc_config.o
                0x20000364                PQD_MotorPowMeasM1
 .data.BusVoltageSensor_M1
                0x20000374       0x12 ./Application/User/mc_config_common.o
                0x20000374                BusVoltageSensor_M1
 *fill*         0x20000386        0x2 
 .data.VbusRegConv_M1
                0x20000388       0x10 ./Application/User/mc_config_common.o
                0x20000388                VbusRegConv_M1
 .data.TempSensor_M1
                0x20000398       0x18 ./Application/User/mc_config_common.o
                0x20000398                TempSensor_M1
 .data.TempRegConv_M1
                0x200003b0       0x10 ./Application/User/mc_config_common.o
                0x200003b0                TempRegConv_M1
 .data.VirtualSpeedSensorM1
                0x200003c0       0x38 ./Application/User/mc_config_common.o
                0x200003c0                VirtualSpeedSensorM1
 .data.ApplicationConfig_reg
                0x200003f8        0x4 ./Application/User/mc_configuration_registers.o
                0x200003f8                ApplicationConfig_reg
 .data.MotorConfig_reg
                0x200003fc        0x4 ./Application/User/mc_configuration_registers.o
                0x200003fc                MotorConfig_reg
 .data.FOCConfig_reg
                0x20000400        0x4 ./Application/User/mc_configuration_registers.o
                0x20000400                FOCConfig_reg
 .data.PWR_BOARD_NAME
                0x20000404        0x4 ./Application/User/mc_configuration_registers.o
                0x20000404                PWR_BOARD_NAME
 .data.scaleParams_M1
                0x20000408       0x10 ./Application/User/mc_parameters.o
                0x20000408                scaleParams_M1
 .data.MCP_Over_UartA
                0x20000418       0x10 ./Application/User/mcp_config.o
                0x20000418                MCP_Over_UartA
 .data.aspepOverUartA
                0x20000428       0x5c ./Application/User/mcp_config.o
                0x20000428                aspepOverUartA
 .data.UASPEP_A
                0x20000484       0x14 ./Application/User/mcp_config.o
 .data.SystickDividerCounter.0
                0x20000498        0x1 ./Application/User/stm32_mc_common_it.o
 *fill*         0x20000499        0x3 
 .data.SystemCoreClock
                0x2000049c        0x4 ./Drivers/CMSIS/system_stm32g4xx.o
                0x2000049c                SystemCoreClock
 .data.uwTickFreq
                0x200004a0        0x4 ./Drivers/STM32G4xx_HAL_Driver/stm32g4xx_hal.o
                0x200004a0                uwTickFreq
 .data.uwTickPrio
                0x200004a4        0x4 ./Drivers/STM32G4xx_HAL_Driver/stm32g4xx_hal.o
                0x200004a4                uwTickPrio
 *(.RamFunc)
 *(.RamFunc*)
                0x200004a8                        . = ALIGN (0x4)
                0x200004a8                        _edata = .

.igot.plt       0x200004a8        0x0 load address 0x08009adc
 .igot.plt      0x200004a8        0x0 C:/ST/STM32CubeIDE_2.0.0/STM32CubeIDE/plugins/com.st.stm32cube.ide.mcu.externaltools.gnu-tools-for-stm32.13.3.rel1.win32_1.0.100.202509120712/tools/bin/../lib/gcc/arm-none-eabi/13.3.1/thumb/v7e-m+fp/hard/crtbegin.o
                0x200004a8                        . = ALIGN (0x4)

.bss            0x200004a8      0x524 load address 0x08009adc
                0x200004a8                        _sbss = .
                0x200004a8                        __bss_start__ = _sbss
 *(.bss)
 .bss           0x200004a8       0x1c C:/ST/STM32CubeIDE_2.0.0/STM32CubeIDE/plugins/com.st.stm32cube.ide.mcu.externaltools.gnu-tools-for-stm32.13.3.rel1.win32_1.0.100.202509120712/tools/bin/../lib/gcc/arm-none-eabi/13.3.1/thumb/v7e-m+fp/hard/crtbegin.o
 *(.bss*)
 .bss.hdma_usart2_tx
                0x200004c4       0x60 ./Application/User/main.o
                0x200004c4                hdma_usart2_tx
 .bss.hdma_usart2_rx
                0x20000524       0x60 ./Application/User/main.o
                0x20000524                hdma_usart2_rx
 .bss.huart2    0x20000584       0x94 ./Application/User/main.o
                0x20000584                huart2
 .bss.htim1     0x20000618       0x4c ./Application/User/main.o
                0x20000618                htim1
 .bss.hcordic   0x20000664       0x28 ./Application/User/main.o
                0x20000664                hcordic
 .bss.hadc2     0x2000068c       0x6c ./Application/User/main.o
                0x2000068c                hadc2
 .bss.hadc1     0x200006f8       0x6c ./Application/User/main.o
                0x200006f8                hadc1
 .bss.pREMNG    0x20000764        0x4 ./Application/User/mc_config.o
                0x20000764                pREMNG
 .bss.FOCVars   0x20000768       0x22 ./Application/User/mc_config.o
                0x20000768                FOCVars
 *fill*         0x2000078a        0x2 
 .bss.pwmcHandle
                0x2000078c        0x4 ./Application/User/mc_config_common.o
                0x2000078c                pwmcHandle
 .bss.bMCBootCompleted
                0x20000790        0x1 ./Application/User/mc_tasks.o
 *fill*         0x20000791        0x1 
 .bss.hStopPermanencyCounterM1
                0x20000792        0x2 ./Application/User/mc_tasks.o
 .bss.hBootCapDelayCounterM1
                0x20000794        0x2 ./Application/User/mc_tasks.o
 .bss.hMFTaskCounterM1
                0x20000796        0x2 ./Application/User/mc_tasks.o
 .bss.MCP_UserCallBack
                0x20000798        0x8 ./Application/User/mcp_config.o
                0x20000798                MCP_UserCallBack
 .bss.MCPSyncRXBuff
                0x200007a0      0x102 ./Application/User/mcp_config.o
 *fill*         0x200008a2        0x2 
 .bss.MCPSyncTxBuff
                0x200008a4      0x106 ./Application/User/mcp_config.o
 *fill*         0x200009aa        0x2 
 .bss.pMCI      0x200009ac        0x4 ./Application/User/motorcontrol.o
                0x200009ac                pMCI
 .bss.RCM_conversion_nb
                0x200009b0        0x1 ./Application/User/regular_conversion_manager.o
 .bss.RCM_array_index
                0x200009b1        0x1 ./Application/User/regular_conversion_manager.o
 *fill*         0x200009b2        0x2 
 .bss.RCM_handle_array
                0x200009b4       0x10 ./Application/User/regular_conversion_manager.o
 .bss.HAL_RCC_ADC12_CLK_ENABLED
                0x200009c4        0x4 ./Application/User/stm32g4xx_hal_msp.o
 .bss.uwTick    0x200009c8        0x4 ./Drivers/STM32G4xx_HAL_Driver/stm32g4xx_hal.o
                0x200009c8                uwTick
 *(COMMON)
                0x200009cc                        . = ALIGN (0x4)
                0x200009cc                        _ebss = .
                0x200009cc                        __bss_end__ = _ebss

._user_heap_stack
                0x200009cc      0x604 load address 0x08009adc
                0x200009d0                        . = ALIGN (0x8)
 *fill*         0x200009cc        0x4 
                [!provide]                        PROVIDE (end = .)
                0x200009d0                        PROVIDE (_end = .)
                0x20000bd0                        . = (. + _Min_Heap_Size)
 *fill*         0x200009d0      0x200 
                0x20000fd0                        . = (. + _Min_Stack_Size)
 *fill*         0x20000bd0      0x400 
                0x20000fd0                        . = ALIGN (0x8)

/DISCARD/
 libc.a(*)
 libm.a(*)
 libgcc.a(*)

.ARM.attributes
                0x00000000       0x30
 *(.ARM.attributes)
 .ARM.attributes
                0x00000000       0x22 C:/ST/STM32CubeIDE_2.0.0/STM32CubeIDE/plugins/com.st.stm32cube.ide.mcu.externaltools.gnu-tools-for-stm32.13.3.rel1.win32_1.0.100.202509120712/tools/bin/../lib/gcc/arm-none-eabi/13.3.1/thumb/v7e-m+fp/hard/crti.o
 .ARM.attributes
                0x00000022       0x34 C:/ST/STM32CubeIDE_2.0.0/STM32CubeIDE/plugins/com.st.stm32cube.ide.mcu.externaltools.gnu-tools-for-stm32.13.3.rel1.win32_1.0.100.202509120712/tools/bin/../lib/gcc/arm-none-eabi/13.3.1/thumb/v7e-m+fp/hard/crtbegin.o
 .ARM.attributes
                0x00000056       0x21 ./Application/Startup/startup_stm32g431rbtx.o
 .ARM.attributes
                0x00000077       0x30 ./Application/User/aspep.o
 .ARM.attributes
                0x000000a7       0x30 ./Application/User/main.o
 .ARM.attributes
                0x000000d7       0x30 ./Application/User/mc_api.o
 .ARM.attributes
                0x00000107       0x30 ./Application/User/mc_app_hooks.o
 .ARM.attributes
                0x00000137       0x30 ./Application/User/mc_config.o
 .ARM.attributes
                0x00000167       0x30 ./Application/User/mc_config_common.o
 .ARM.attributes
                0x00000197       0x30 ./Application/User/mc_configuration_registers.o
 .ARM.attributes
                0x000001c7       0x30 ./Application/User/mc_interface.o
 .ARM.attributes
                0x000001f7       0x30 ./Application/User/mc_math.o
 .ARM.attributes
                0x00000227       0x30 ./Application/User/mc_parameters.o
 .ARM.attributes
                0x00000257       0x30 ./Application/User/mc_tasks.o
 .ARM.attributes
                0x00000287       0x30 ./Application/User/mc_tasks_foc.o
 .ARM.attributes
                0x000002b7       0x30 ./Application/User/mcp.o
 .ARM.attributes
                0x000002e7       0x30 ./Application/User/mcp_config.o
 .ARM.attributes
                0x00000317       0x30 ./Application/User/motorcontrol.o
 .ARM.attributes
                0x00000347       0x30 ./Application/User/pwm_common.o
 .ARM.attributes
                0x00000377       0x30 ./Application/User/pwm_curr_fdbk.o
 .ARM.attributes
                0x000003a7       0x30 ./Application/User/regular_conversion_manager.o
 .ARM.attributes
                0x000003d7       0x30 ./Application/User/speed_torq_ctrl.o
 .ARM.attributes
                0x00000407       0x30 ./Application/User/stm32_mc_common_it.o
 .ARM.attributes
                0x00000437       0x30 ./Application/User/stm32g4xx_hal_msp.o
 .ARM.attributes
                0x00000467       0x30 ./Application/User/stm32g4xx_mc_it.o
 .ARM.attributes
                0x00000497       0x30 ./Application/User/sync_registers.o
 .ARM.attributes
                0x000004c7       0x30 ./Application/User/usart_aspep_driver.o
 .ARM.attributes
                0x000004f7       0x30 ./Drivers/CMSIS/system_stm32g4xx.o
 .ARM.attributes
                0x00000527       0x30 ./Drivers/STM32G4xx_HAL_Driver/stm32g4xx_hal.o
 .ARM.attributes
                0x00000557       0x30 ./Drivers/STM32G4xx_HAL_Driver/stm32g4xx_hal_adc.o
 .ARM.attributes
                0x00000587       0x30 ./Drivers/STM32G4xx_HAL_Driver/stm32g4xx_hal_adc_ex.o
 .ARM.attributes
                0x000005b7       0x30 ./Drivers/STM32G4xx_HAL_Driver/stm32g4xx_hal_cordic.o
 .ARM.attributes
                0x000005e7       0x30 ./Drivers/STM32G4xx_HAL_Driver/stm32g4xx_hal_cortex.o
 .ARM.attributes
                0x00000617       0x30 ./Drivers/STM32G4xx_HAL_Driver/stm32g4xx_hal_dma.o
 .ARM.attributes
                0x00000647       0x30 ./Drivers/STM32G4xx_HAL_Driver/stm32g4xx_hal_gpio.o
 .ARM.attributes
                0x00000677       0x30 ./Drivers/STM32G4xx_HAL_Driver/stm32g4xx_hal_pwr_ex.o
 .ARM.attributes
                0x000006a7       0x30 ./Drivers/STM32G4xx_HAL_Driver/stm32g4xx_hal_rcc.o
 .ARM.attributes
                0x000006d7       0x30 ./Drivers/STM32G4xx_HAL_Driver/stm32g4xx_hal_rcc_ex.o
 .ARM.attributes
                0x00000707       0x30 ./Drivers/STM32G4xx_HAL_Driver/stm32g4xx_hal_tim.o
 .ARM.attributes
                0x00000737       0x30 ./Drivers/STM32G4xx_HAL_Driver/stm32g4xx_hal_tim_ex.o
 .ARM.attributes
                0x00000767       0x30 ./Drivers/STM32G4xx_HAL_Driver/stm32g4xx_hal_uart.o
 .ARM.attributes
                0x00000797       0x30 ./Drivers/STM32G4xx_HAL_Driver/stm32g4xx_hal_uart_ex.o
 .ARM.attributes
                0x000007c7       0x30 ./Middlewares/MotorControl/bus_voltage_sensor.o
 .ARM.attributes
                0x000007f7       0x30 ./Middlewares/MotorControl/circle_limitation.o
 .ARM.attributes
                0x00000827       0x30 ./Middlewares/MotorControl/ntc_temperature_sensor.o
 .ARM.attributes
                0x00000857       0x30 ./Middlewares/MotorControl/pid_regulator.o
 .ARM.attributes
                0x00000887       0x30 ./Middlewares/MotorControl/pqd_motor_power_measurement.o
 .ARM.attributes
                0x000008b7       0x30 ./Middlewares/MotorControl/pwm_curr_fdbk_ovm.o
 .ARM.attributes
                0x000008e7       0x30 ./Middlewares/MotorControl/r3_2_g4xx_pwm_curr_fdbk.o
 .ARM.attributes
                0x00000917       0x30 ./Middlewares/MotorControl/r_divider_bus_voltage_sensor.o
 .ARM.attributes
                0x00000947       0x30 ./Middlewares/MotorControl/ramp_ext_mngr.o
 .ARM.attributes
                0x00000977       0x30 ./Middlewares/MotorControl/revup_ctrl.o
 .ARM.attributes
                0x000009a7       0x30 ./Middlewares/MotorControl/speed_pos_fdbk.o
 .ARM.attributes
                0x000009d7       0x30 ./Middlewares/MotorControl/sto_pll_speed_pos_fdbk.o
 .ARM.attributes
                0x00000a07       0x30 ./Middlewares/MotorControl/virtual_speed_sensor.o
 .ARM.attributes
                0x00000a37       0x34 C:/ST/STM32CubeIDE_2.0.0/STM32CubeIDE/plugins/com.st.stm32cube.ide.mcu.externaltools.gnu-tools-for-stm32.13.3.rel1.win32_1.0.100.202509120712/tools/bin/../lib/gcc/arm-none-eabi/13.3.1/../../../../arm-none-eabi/lib/thumb/v7e-m+fp/hard\libc_nano.a(libc_a-memset.o)
 .ARM.attributes
                0x00000a6b       0x34 C:/ST/STM32CubeIDE_2.0.0/STM32CubeIDE/plugins/com.st.stm32cube.ide.mcu.externaltools.gnu-tools-for-stm32.13.3.rel1.win32_1.0.100.202509120712/tools/bin/../lib/gcc/arm-none-eabi/13.3.1/../../../../arm-none-eabi/lib/thumb/v7e-m+fp/hard\libc_nano.a(libc_a-init.o)
 .ARM.attributes
                0x00000a9f       0x22 C:/ST/STM32CubeIDE_2.0.0/STM32CubeIDE/plugins/com.st.stm32cube.ide.mcu.externaltools.gnu-tools-for-stm32.13.3.rel1.win32_1.0.100.202509120712/tools/bin/../lib/gcc/arm-none-eabi/13.3.1/thumb/v7e-m+fp/hard\libgcc.a(_aeabi_uldivmod.o)
 .ARM.attributes
                0x00000ac1       0x34 C:/ST/STM32CubeIDE_2.0.0/STM32CubeIDE/plugins/com.st.stm32cube.ide.mcu.externaltools.gnu-tools-for-stm32.13.3.rel1.win32_1.0.100.202509120712/tools/bin/../lib/gcc/arm-none-eabi/13.3.1/thumb/v7e-m+fp/hard\libgcc.a(_udivmoddi4.o)
 .ARM.attributes
                0x00000af5       0x22 C:/ST/STM32CubeIDE_2.0.0/STM32CubeIDE/plugins/com.st.stm32cube.ide.mcu.externaltools.gnu-tools-for-stm32.13.3.rel1.win32_1.0.100.202509120712/tools/bin/../lib/gcc/arm-none-eabi/13.3.1/thumb/v7e-m+fp/hard\libgcc.a(_dvmd_tls.o)
 .ARM.attributes
                0x00000b17       0x22 C:/ST/STM32CubeIDE_2.0.0/STM32CubeIDE/plugins/com.st.stm32cube.ide.mcu.externaltools.gnu-tools-for-stm32.13.3.rel1.win32_1.0.100.202509120712/tools/bin/../lib/gcc/arm-none-eabi/13.3.1/thumb/v7e-m+fp/hard/crtn.o
OUTPUT(Speed_Torque_Control.elf elf32-littlearm)
LOAD linker stubs
LOAD C:/ST/STM32CubeIDE_2.0.0/STM32CubeIDE/plugins/com.st.stm32cube.ide.mcu.externaltools.gnu-tools-for-stm32.13.3.rel1.win32_1.0.100.202509120712/tools/bin/../lib/gcc/arm-none-eabi/13.3.1/../../../../arm-none-eabi/lib/thumb/v7e-m+fp/hard\libc.a
LOAD C:/ST/STM32CubeIDE_2.0.0/STM32CubeIDE/plugins/com.st.stm32cube.ide.mcu.externaltools.gnu-tools-for-stm32.13.3.rel1.win32_1.0.100.202509120712/tools/bin/../lib/gcc/arm-none-eabi/13.3.1/../../../../arm-none-eabi/lib/thumb/v7e-m+fp/hard\libm.a
LOAD C:/ST/STM32CubeIDE_2.0.0/STM32CubeIDE/plugins/com.st.stm32cube.ide.mcu.externaltools.gnu-tools-for-stm32.13.3.rel1.win32_1.0.100.202509120712/tools/bin/../lib/gcc/arm-none-eabi/13.3.1/thumb/v7e-m+fp/hard\libgcc.a

.debug_line     0x00000000    0x46829
 .debug_line    0x00000000       0x7b ./Application/Startup/startup_stm32g431rbtx.o
 .debug_line    0x0000007b     0x1514 ./Application/User/aspep.o
 .debug_line    0x0000158f     0x184b ./Application/User/main.o
 .debug_line    0x00002dda     0x1110 ./Application/User/mc_api.o
 .debug_line    0x00003eea      0x9a0 ./Application/User/mc_app_hooks.o
 .debug_line    0x0000488a      0xcaa ./Application/User/mc_config.o
 .debug_line    0x00005534      0xcb1 ./Application/User/mc_config_common.o
 .debug_line    0x000061e5      0xb47 ./Application/User/mc_configuration_registers.o
 .debug_line    0x00006d2c     0x18d3 ./Application/User/mc_interface.o
 .debug_line    0x000085ff      0xbc9 ./Application/User/mc_math.o
 .debug_line    0x000091c8      0xc9b ./Application/User/mc_parameters.o
 .debug_line    0x00009e63     0x1212 ./Application/User/mc_tasks.o
 .debug_line    0x0000b075     0x14f4 ./Application/User/mc_tasks_foc.o
 .debug_line    0x0000c569     0x11bd ./Application/User/mcp.o
 .debug_line    0x0000d726      0xa7b ./Application/User/mcp_config.o
 .debug_line    0x0000e1a1      0xcea ./Application/User/motorcontrol.o
 .debug_line    0x0000ee8b      0xbc5 ./Application/User/pwm_common.o
 .debug_line    0x0000fa50     0x118c ./Application/User/pwm_curr_fdbk.o
 .debug_line    0x00010bdc     0x1059 ./Application/User/regular_conversion_manager.o
 .debug_line    0x00011c35      0xe21 ./Application/User/speed_torq_ctrl.o
 .debug_line    0x00012a56     0x11fc ./Application/User/stm32_mc_common_it.o
 .debug_line    0x00013c52     0x11a1 ./Application/User/stm32g4xx_hal_msp.o
 .debug_line    0x00014df3      0xdd6 ./Application/User/stm32g4xx_mc_it.o
 .debug_line    0x00015bc9     0x2376 ./Application/User/sync_registers.o
 .debug_line    0x00017f3f     0x117a ./Application/User/usart_aspep_driver.o
 .debug_line    0x000190b9      0x8c4 ./Drivers/CMSIS/system_stm32g4xx.o
 .debug_line    0x0001997d      0xd56 ./Drivers/STM32G4xx_HAL_Driver/stm32g4xx_hal.o
 .debug_line    0x0001a6d3     0x2e39 ./Drivers/STM32G4xx_HAL_Driver/stm32g4xx_hal_adc.o
 .debug_line    0x0001d50c     0x27fe ./Drivers/STM32G4xx_HAL_Driver/stm32g4xx_hal_adc_ex.o
 .debug_line    0x0001fd0a     0x1369 ./Drivers/STM32G4xx_HAL_Driver/stm32g4xx_hal_cordic.o
 .debug_line    0x00021073      0xe8c ./Drivers/STM32G4xx_HAL_Driver/stm32g4xx_hal_cortex.o
 .debug_line    0x00021eff     0x1427 ./Drivers/STM32G4xx_HAL_Driver/stm32g4xx_hal_dma.o
 .debug_line    0x00023326     0x109e ./Drivers/STM32G4xx_HAL_Driver/stm32g4xx_hal_gpio.o
 .debug_line    0x000243c4      0xf87 ./Drivers/STM32G4xx_HAL_Driver/stm32g4xx_hal_pwr_ex.o
 .debug_line    0x0002534b     0x158e ./Drivers/STM32G4xx_HAL_Driver/stm32g4xx_hal_rcc.o
 .debug_line    0x000268d9     0x15fc ./Drivers/STM32G4xx_HAL_Driver/stm32g4xx_hal_rcc_ex.o
 .debug_line    0x00027ed5     0x65c0 ./Drivers/STM32G4xx_HAL_Driver/stm32g4xx_hal_tim.o
 .debug_line    0x0002e495     0x2665 ./Drivers/STM32G4xx_HAL_Driver/stm32g4xx_hal_tim_ex.o
 .debug_line    0x00030afa     0x705c ./Drivers/STM32G4xx_HAL_Driver/stm32g4xx_hal_uart.o
 .debug_line    0x00037b56     0x12ce ./Drivers/STM32G4xx_HAL_Driver/stm32g4xx_hal_uart_ex.o
 .debug_line    0x00038e24      0xa3e ./Middlewares/MotorControl/bus_voltage_sensor.o
 .debug_line    0x00039862      0xad4 ./Middlewares/MotorControl/circle_limitation.o
 .debug_line    0x0003a336      0xb7c ./Middlewares/MotorControl/ntc_temperature_sensor.o
 .debug_line    0x0003aeb2      0xe78 ./Middlewares/MotorControl/pid_regulator.o
 .debug_line    0x0003bd2a      0xad3 ./Middlewares/MotorControl/pqd_motor_power_measurement.o
 .debug_line    0x0003c7fd     0x132b ./Middlewares/MotorControl/pwm_curr_fdbk_ovm.o
 .debug_line    0x0003db28     0x32e8 ./Middlewares/MotorControl/r3_2_g4xx_pwm_curr_fdbk.o
 .debug_line    0x00040e10      0xb86 ./Middlewares/MotorControl/r_divider_bus_voltage_sensor.o
 .debug_line    0x00041996      0xcb2 ./Middlewares/MotorControl/ramp_ext_mngr.o
 .debug_line    0x00042648     0x11d9 ./Middlewares/MotorControl/revup_ctrl.o
 .debug_line    0x00043821      0xb70 ./Middlewares/MotorControl/speed_pos_fdbk.o
 .debug_line    0x00044391     0x1563 ./Middlewares/MotorControl/sto_pll_speed_pos_fdbk.o
 .debug_line    0x000458f4      0xf35 ./Middlewares/MotorControl/virtual_speed_sensor.o

.debug_line_str
                0x00000000       0x9d
 .debug_line_str
                0x00000000       0x9d ./Application/Startup/startup_stm32g431rbtx.o

.debug_info     0x00000000    0x48207
 .debug_info    0x00000000       0x30 ./Application/Startup/startup_stm32g431rbtx.o
 .debug_info    0x00000030     0x10a9 ./Application/User/aspep.o
 .debug_info    0x000010d9     0x317e ./Application/User/main.o
 .debug_info    0x00004257     0x1bdf ./Application/User/mc_api.o
 .debug_info    0x00005e36      0x1db ./Application/User/mc_app_hooks.o
 .debug_info    0x00006011     0x229c ./Application/User/mc_config.o
 .debug_info    0x000082ad      0xd8a ./Application/User/mc_config_common.o
 .debug_info    0x00009037      0x582 ./Application/User/mc_configuration_registers.o
 .debug_info    0x000095b9     0x219a ./Application/User/mc_interface.o
 .debug_info    0x0000b753      0x764 ./Application/User/mc_math.o
 .debug_info    0x0000beb7      0xa06 ./Application/User/mc_parameters.o
 .debug_info    0x0000c8bd     0x2056 ./Application/User/mc_tasks.o
 .debug_info    0x0000e913     0x30ff ./Application/User/mc_tasks_foc.o
 .debug_info    0x00011a12     0x15d4 ./Application/User/mcp.o
 .debug_info    0x00012fe6      0x8da ./Application/User/mcp_config.o
 .debug_info    0x000138c0     0x1134 ./Application/User/motorcontrol.o
 .debug_info    0x000149f4      0x953 ./Application/User/pwm_common.o
 .debug_info    0x00015347     0x1395 ./Application/User/pwm_curr_fdbk.o
 .debug_info    0x000166dc      0xb62 ./Application/User/regular_conversion_manager.o
 .debug_info    0x0001723e      0x9b7 ./Application/User/speed_torq_ctrl.o
 .debug_info    0x00017bf5     0x1102 ./Application/User/stm32_mc_common_it.o
 .debug_info    0x00018cf7     0x1eff ./Application/User/stm32g4xx_hal_msp.o
 .debug_info    0x0001abf6     0x124f ./Application/User/stm32g4xx_mc_it.o
 .debug_info    0x0001be45     0x2f41 ./Application/User/sync_registers.o
 .debug_info    0x0001ed86     0x1267 ./Application/User/usart_aspep_driver.o
 .debug_info    0x0001ffed      0x5a7 ./Drivers/CMSIS/system_stm32g4xx.o
 .debug_info    0x00020594      0xcd7 ./Drivers/STM32G4xx_HAL_Driver/stm32g4xx_hal.o
 .debug_info    0x0002126b     0x3508 ./Drivers/STM32G4xx_HAL_Driver/stm32g4xx_hal_adc.o
 .debug_info    0x00024773     0x2d2c ./Drivers/STM32G4xx_HAL_Driver/stm32g4xx_hal_adc_ex.o
 .debug_info    0x0002749f      0xdc3 ./Drivers/STM32G4xx_HAL_Driver/stm32g4xx_hal_cordic.o
 .debug_info    0x00028262      0xfd6 ./Drivers/STM32G4xx_HAL_Driver/stm32g4xx_hal_cortex.o
 .debug_info    0x00029238      0xa62 ./Drivers/STM32G4xx_HAL_Driver/stm32g4xx_hal_dma.o
 .debug_info    0x00029c9a      0x795 ./Drivers/STM32G4xx_HAL_Driver/stm32g4xx_hal_gpio.o
 .debug_info    0x0002a42f      0x993 ./Drivers/STM32G4xx_HAL_Driver/stm32g4xx_hal_pwr_ex.o
 .debug_info    0x0002adc2      0xe7b ./Drivers/STM32G4xx_HAL_Driver/stm32g4xx_hal_rcc.o
 .debug_info    0x0002bc3d      0xd46 ./Drivers/STM32G4xx_HAL_Driver/stm32g4xx_hal_rcc_ex.o
 .debug_info    0x0002c983     0x500d ./Drivers/STM32G4xx_HAL_Driver/stm32g4xx_hal_tim.o
 .debug_info    0x00031990     0x25d0 ./Drivers/STM32G4xx_HAL_Driver/stm32g4xx_hal_tim_ex.o
 .debug_info    0x00033f60     0x78dd ./Drivers/STM32G4xx_HAL_Driver/stm32g4xx_hal_uart.o
 .debug_info    0x0003b83d     0x13de ./Drivers/STM32G4xx_HAL_Driver/stm32g4xx_hal_uart_ex.o
 .debug_info    0x0003cc1b      0x2c3 ./Middlewares/MotorControl/bus_voltage_sensor.o
 .debug_info    0x0003cede      0x387 ./Middlewares/MotorControl/circle_limitation.o
 .debug_info    0x0003d265      0x3f8 ./Middlewares/MotorControl/ntc_temperature_sensor.o
 .debug_info    0x0003d65d      0x8ea ./Middlewares/MotorControl/pid_regulator.o
 .debug_info    0x0003df47      0x51c ./Middlewares/MotorControl/pqd_motor_power_measurement.o
 .debug_info    0x0003e463      0xf1f ./Middlewares/MotorControl/pwm_curr_fdbk_ovm.o
 .debug_info    0x0003f382     0x50cb ./Middlewares/MotorControl/r3_2_g4xx_pwm_curr_fdbk.o
 .debug_info    0x0004444d      0x397 ./Middlewares/MotorControl/r_divider_bus_voltage_sensor.o
 .debug_info    0x000447e4      0x502 ./Middlewares/MotorControl/ramp_ext_mngr.o
 .debug_info    0x00044ce6     0x1532 ./Middlewares/MotorControl/revup_ctrl.o
 .debug_info    0x00046218      0x4ee ./Middlewares/MotorControl/speed_pos_fdbk.o
 .debug_info    0x00046706     0x1371 ./Middlewares/MotorControl/sto_pll_speed_pos_fdbk.o
 .debug_info    0x00047a77      0x790 ./Middlewares/MotorControl/virtual_speed_sensor.o

.debug_abbrev   0x00000000     0x8d9e
 .debug_abbrev  0x00000000       0x24 ./Application/Startup/startup_stm32g431rbtx.o
 .debug_abbrev  0x00000024      0x39b ./Application/User/aspep.o
 .debug_abbrev  0x000003bf      0x516 ./Application/User/main.o
 .debug_abbrev  0x000008d5      0x283 ./Application/User/mc_api.o
 .debug_abbrev  0x00000b58       0x98 ./Application/User/mc_app_hooks.o
 .debug_abbrev  0x00000bf0      0x22f ./Application/User/mc_config.o
 .debug_abbrev  0x00000e1f      0x166 ./Application/User/mc_config_common.o
 .debug_abbrev  0x00000f85       0xee ./Application/User/mc_configuration_registers.o
 .debug_abbrev  0x00001073      0x3f6 ./Application/User/mc_interface.o
 .debug_abbrev  0x00001469      0x279 ./Application/User/mc_math.o
 .debug_abbrev  0x000016e2      0x132 ./Application/User/mc_parameters.o
 .debug_abbrev  0x00001814      0x3ea ./Application/User/mc_tasks.o
 .debug_abbrev  0x00001bfe      0x4f1 ./Application/User/mc_tasks_foc.o
 .debug_abbrev  0x000020ef      0x2fd ./Application/User/mcp.o
 .debug_abbrev  0x000023ec      0x1c6 ./Application/User/mcp_config.o
 .debug_abbrev  0x000025b2      0x23c ./Application/User/motorcontrol.o
 .debug_abbrev  0x000027ee      0x231 ./Application/User/pwm_common.o
 .debug_abbrev  0x00002a1f      0x3a3 ./Application/User/pwm_curr_fdbk.o
 .debug_abbrev  0x00002dc2      0x2c1 ./Application/User/regular_conversion_manager.o
 .debug_abbrev  0x00003083      0x253 ./Application/User/speed_torq_ctrl.o
 .debug_abbrev  0x000032d6      0x34b ./Application/User/stm32_mc_common_it.o
 .debug_abbrev  0x00003621      0x2ee ./Application/User/stm32g4xx_hal_msp.o
 .debug_abbrev  0x0000390f      0x2a7 ./Application/User/stm32g4xx_mc_it.o
 .debug_abbrev  0x00003bb6      0x440 ./Application/User/sync_registers.o
 .debug_abbrev  0x00003ff6      0x2c0 ./Application/User/usart_aspep_driver.o
 .debug_abbrev  0x000042b6      0x120 ./Drivers/CMSIS/system_stm32g4xx.o
 .debug_abbrev  0x000043d6      0x2dd ./Drivers/STM32G4xx_HAL_Driver/stm32g4xx_hal.o
 .debug_abbrev  0x000046b3      0x355 ./Drivers/STM32G4xx_HAL_Driver/stm32g4xx_hal_adc.o
 .debug_abbrev  0x00004a08      0x3eb ./Drivers/STM32G4xx_HAL_Driver/stm32g4xx_hal_adc_ex.o
 .debug_abbrev  0x00004df3      0x2b4 ./Drivers/STM32G4xx_HAL_Driver/stm32g4xx_hal_cordic.o
 .debug_abbrev  0x000050a7      0x387 ./Drivers/STM32G4xx_HAL_Driver/stm32g4xx_hal_cortex.o
 .debug_abbrev  0x0000542e      0x2af ./Drivers/STM32G4xx_HAL_Driver/stm32g4xx_hal_dma.o
 .debug_abbrev  0x000056dd      0x1f9 ./Drivers/STM32G4xx_HAL_Driver/stm32g4xx_hal_gpio.o
 .debug_abbrev  0x000058d6      0x281 ./Drivers/STM32G4xx_HAL_Driver/stm32g4xx_hal_pwr_ex.o
 .debug_abbrev  0x00005b57      0x352 ./Drivers/STM32G4xx_HAL_Driver/stm32g4xx_hal_rcc.o
 .debug_abbrev  0x00005ea9      0x2ce ./Drivers/STM32G4xx_HAL_Driver/stm32g4xx_hal_rcc_ex.o
 .debug_abbrev  0x00006177      0x3c0 ./Drivers/STM32G4xx_HAL_Driver/stm32g4xx_hal_tim.o
 .debug_abbrev  0x00006537      0x3d0 ./Drivers/STM32G4xx_HAL_Driver/stm32g4xx_hal_tim_ex.o
 .debug_abbrev  0x00006907      0x4b8 ./Drivers/STM32G4xx_HAL_Driver/stm32g4xx_hal_uart.o
 .debug_abbrev  0x00006dbf      0x360 ./Drivers/STM32G4xx_HAL_Driver/stm32g4xx_hal_uart_ex.o
 .debug_abbrev  0x0000711f      0x10c ./Middlewares/MotorControl/bus_voltage_sensor.o
 .debug_abbrev  0x0000722b      0x126 ./Middlewares/MotorControl/circle_limitation.o
 .debug_abbrev  0x00007351      0x196 ./Middlewares/MotorControl/ntc_temperature_sensor.o
 .debug_abbrev  0x000074e7      0x1b1 ./Middlewares/MotorControl/pid_regulator.o
 .debug_abbrev  0x00007698      0x1df ./Middlewares/MotorControl/pqd_motor_power_measurement.o
 .debug_abbrev  0x00007877      0x2ca ./Middlewares/MotorControl/pwm_curr_fdbk_ovm.o
 .debug_abbrev  0x00007b41      0x4c0 ./Middlewares/MotorControl/r3_2_g4xx_pwm_curr_fdbk.o
 .debug_abbrev  0x00008001      0x182 ./Middlewares/MotorControl/r_divider_bus_voltage_sensor.o
 .debug_abbrev  0x00008183      0x1fb ./Middlewares/MotorControl/ramp_ext_mngr.o
 .debug_abbrev  0x0000837e      0x329 ./Middlewares/MotorControl/revup_ctrl.o
 .debug_abbrev  0x000086a7      0x1bb ./Middlewares/MotorControl/speed_pos_fdbk.o
 .debug_abbrev  0x00008862      0x32a ./Middlewares/MotorControl/sto_pll_speed_pos_fdbk.o
 .debug_abbrev  0x00008b8c      0x212 ./Middlewares/MotorControl/virtual_speed_sensor.o

.debug_aranges  0x00000000     0x1f08
 .debug_aranges
                0x00000000       0x28 ./Application/Startup/startup_stm32g431rbtx.o
 .debug_aranges
                0x00000028       0x60 ./Application/User/aspep.o
 .debug_aranges
                0x00000088       0x70 ./Application/User/main.o
 .debug_aranges