C:/Users/panka/dev_ws/Gimble_Motor_Control/Speed_Torque_Control/Speed_Torque_Control/Src/aspep.c:180:6:ASPEP_start	16	static
C:/Users/panka/dev_ws/Gimble_Motor_Control/Speed_Torque_Control/Speed_Torque_Control/Src/aspep.c:207:6:ASPEP_sendBeacon	4	static,ignoring_inline_asm
C:/Users/panka/dev_ws/Gimble_Motor_Control/Speed_Torque_Control/Speed_Torque_Control/Src/aspep.c:251:6:ASPEP_sendPing	8	static,ignoring_inline_asm
C:/Users/panka/dev_ws/Gimble_Motor_Control/Speed_Torque_Control/Speed_Torque_Control/Src/aspep.c:285:6:ASPEP_getBuffer	0	static
C:/Users/panka/dev_ws/Gimble_Motor_Control/Speed_Torque_Control/Speed_Torque_Control/Src/aspep.c:376:9:ASPEP_sendPacket	16	static,ignoring_inline_asm
C:/Users/panka/dev_ws/Gimble_Motor_Control/Speed_Torque_Control/Speed_Torque_Control/Src/aspep.c:527:6:ASPEP_HWDataTransmittedIT	8	static
C:/Users/panka/dev_ws/Gimble_Motor_Control/Speed_Torque_Control/Speed_Torque_Control/Src/aspep.c:579:10:ASPEP_RXframeProcess	32	static,ignoring_inline_asm
C:/Users/panka/dev_ws/Gimble_Motor_Control/Speed_Torque_Control/Speed_Torque_Control/Src/aspep.c:747:6:ASPEP_HWDataReceivedIT	8	static
C:/Users/panka/dev_ws/Gimble_Motor_Control/Speed_Torque_Control/Speed_Torque_Control/Src/aspep.c:835:6:ASPEP_HWReset	0	static
