C:/Users/panka/dev_ws/Gimble_Motor_Control/Speed_Torque_Control/Speed_Torque_Control/Src/mc_tasks.c:85:13:MCboot	8	static
C:/Users/panka/dev_ws/Gimble_Motor_Control/Speed_Torque_Control/Speed_Torque_Control/Src/mc_tasks.c:250:13:TSK_SetChargeBootCapDelayM1	0	static
C:/Users/panka/dev_ws/Gimble_Motor_Control/Speed_Torque_Control/Speed_Torque_Control/Src/mc_tasks.c:261:13:TSK_ChargeBootCapDelayHasElapsedM1	0	static
C:/Users/panka/dev_ws/Gimble_Motor_Control/Speed_Torque_Control/Speed_Torque_Control/Src/mc_tasks.c:277:13:TSK_SetStopPermanencyTimeM1	0	static
C:/Users/panka/dev_ws/Gimble_Motor_Control/Speed_Torque_Control/Speed_Torque_Control/Src/mc_tasks.c:288:13:TSK_StopPermanencyTimeHasElapsedM1	0	static
C:/Users/panka/dev_ws/Gimble_Motor_Control/Speed_Torque_Control/Speed_Torque_Control/Src/mc_tasks.c:314:16:TSK_HighFrequencyTask	8	static
C:/Users/panka/dev_ws/Gimble_Motor_Control/Speed_Torque_Control/Speed_Torque_Control/Src/mc_tasks.c:360:13:TSK_SafetyTask_PWMOFF	24	static
C:/Users/panka/dev_ws/Gimble_Motor_Control/Speed_Torque_Control/Speed_Torque_Control/Src/mc_tasks.c:337:13:TSK_SafetyTask	8	static
C:/Users/panka/dev_ws/Gimble_Motor_Control/Speed_Torque_Control/Speed_Torque_Control/Src/mc_tasks.c:163:13:MC_RunMotorControlTasks	16	static
C:/Users/panka/dev_ws/Gimble_Motor_Control/Speed_Torque_Control/Speed_Torque_Control/Src/mc_tasks.c:418:13:TSK_HardwareFaultTask	8	static
C:/Users/panka/dev_ws/Gimble_Motor_Control/Speed_Torque_Control/Speed_Torque_Control/Src/mc_tasks.c:434:13:mc_lock_pins	56	static
