C:/Users/panka/dev_ws/Gimble_Motor_Control/Speed_Torque_Control/Speed_Torque_Control/Src/mc_tasks_foc.c:472:13:FOC_Clear	16	static
C:/Users/panka/dev_ws/Gimble_Motor_Control/Speed_Torque_Control/Speed_Torque_Control/Src/mc_tasks_foc.c:79:13:FOC_Init	40	static
C:/Users/panka/dev_ws/Gimble_Motor_Control/Speed_Torque_Control/Speed_Torque_Control/Src/mc_tasks_foc.c:149:6:TSK_MF_StopProcessing	8	static
C:/Users/panka/dev_ws/Gimble_Motor_Control/Speed_Torque_Control/Speed_Torque_Control/Src/mc_tasks_foc.c:506:13:FOC_InitAdditionalMethods	0	static
C:/Users/panka/dev_ws/Gimble_Motor_Control/Speed_Torque_Control/Speed_Torque_Control/Src/mc_tasks_foc.c:529:13:FOC_CalcCurrRef	24	static,ignoring_inline_asm
C:/Users/panka/dev_ws/Gimble_Motor_Control/Speed_Torque_Control/Speed_Torque_Control/Src/mc_tasks_foc.c:168:13:TSK_MediumFrequencyTaskM1	32	static
C:/Users/panka/dev_ws/Gimble_Motor_Control/Speed_Torque_Control/Speed_Torque_Control/Src/mc_tasks_foc.c:584:16:FOC_HighFrequencyTask	64	static
