C:/Users/panka/dev_ws/Gimble_Motor_Control/Speed_Torque_Control/Speed_Torque_Control/Src/stm32g4xx_hal_msp.c:68:6:HAL_MspInit	16	static
C:/Users/panka/dev_ws/Gimble_Motor_Control/Speed_Torque_Control/Speed_Torque_Control/Src/stm32g4xx_hal_msp.c:99:6:HAL_ADC_MspInit	128	static
C:/Users/panka/dev_ws/Gimble_Motor_Control/Speed_Torque_Control/Speed_Torque_Control/Src/stm32g4xx_hal_msp.c:202:6:HAL_ADC_MspDeInit	8	static
C:/Users/panka/dev_ws/Gimble_Motor_Control/Speed_Torque_Control/Speed_Torque_Control/Src/stm32g4xx_hal_msp.c:281:6:HAL_CORDIC_MspInit	8	static
C:/Users/panka/dev_ws/Gimble_Motor_Control/Speed_Torque_Control/Speed_Torque_Control/Src/stm32g4xx_hal_msp.c:304:6:HAL_CORDIC_MspDeInit	0	static
C:/Users/panka/dev_ws/Gimble_Motor_Control/Speed_Torque_Control/Speed_Torque_Control/Src/stm32g4xx_hal_msp.c:326:6:HAL_TIM_PWM_MspInit	40	static
C:/Users/panka/dev_ws/Gimble_Motor_Control/Speed_Torque_Control/Speed_Torque_Control/Src/stm32g4xx_hal_msp.c:356:6:HAL_TIM_MspPostInit	40	static
C:/Users/panka/dev_ws/Gimble_Motor_Control/Speed_Torque_Control/Speed_Torque_Control/Src/stm32g4xx_hal_msp.c:390:6:HAL_TIM_PWM_MspDeInit	8	static
C:/Users/panka/dev_ws/Gimble_Motor_Control/Speed_Torque_Control/Speed_Torque_Control/Src/stm32g4xx_hal_msp.c:424:6:HAL_UART_MspInit	112	static
C:/Users/panka/dev_ws/Gimble_Motor_Control/Speed_Torque_Control/Speed_Torque_Control/Src/stm32g4xx_hal_msp.c:507:6:HAL_UART_MspDeInit	8	static
